Component: ARM Compiler 5.05 update 2 (build 169) Tool: armlink [4d0f33]

==============================================================================

Section Cross References

    nrf24.o(i.NRF24_Check) refers to nrf24.o(i.NRF24_writeBuf) for NRF24_writeBuf
    nrf24.o(i.NRF24_Check) refers to nrf24.o(i.NRF24_readBuf) for NRF24_readBuf
    nrf24.o(i.NRF24_ClearIRQFlags) refers to nrf24.o(i.NRF24_readReg) for NRF24_readReg
    nrf24.o(i.NRF24_ClearIRQFlags) refers to nrf24.o(i.NRF24_readWriteReg) for NRF24_readWriteReg
    nrf24.o(i.NRF24_ClosePipe) refers to nrf24.o(i.NRF24_readReg) for NRF24_readReg
    nrf24.o(i.NRF24_ClosePipe) refers to nrf24.o(i.NRF24_readWriteReg) for NRF24_readWriteReg
    nrf24.o(i.NRF24_DisableAA) refers to nrf24.o(i.NRF24_readWriteReg) for NRF24_readWriteReg
    nrf24.o(i.NRF24_DisableAA) refers to nrf24.o(i.NRF24_readReg) for NRF24_readReg
    nrf24.o(i.NRF24_EnableAA) refers to nrf24.o(i.NRF24_readReg) for NRF24_readReg
    nrf24.o(i.NRF24_EnableAA) refers to nrf24.o(i.NRF24_readWriteReg) for NRF24_readWriteReg
    nrf24.o(i.NRF24_FlushRX) refers to nrf24.o(i.NRF24_readWriteReg) for NRF24_readWriteReg
    nrf24.o(i.NRF24_FlushTX) refers to nrf24.o(i.NRF24_readWriteReg) for NRF24_readWriteReg
    nrf24.o(i.NRF24_GetAckPayloadWidth) refers to nrf24.o(i.NRF24_readWriteReg) for NRF24_readWriteReg
    nrf24.o(i.NRF24_GetIRQFlags) refers to nrf24.o(i.NRF24_readReg) for NRF24_readReg
    nrf24.o(i.NRF24_GetRXSource) refers to nrf24.o(i.NRF24_readReg) for NRF24_readReg
    nrf24.o(i.NRF24_GetRetransmitCounters) refers to nrf24.o(i.NRF24_readReg) for NRF24_readReg
    nrf24.o(i.NRF24_GetStatus) refers to nrf24.o(i.NRF24_readReg) for NRF24_readReg
    nrf24.o(i.NRF24_GetStatus_RXFIFO) refers to nrf24.o(i.NRF24_readReg) for NRF24_readReg
    nrf24.o(i.NRF24_GetStatus_TXFIFO) refers to nrf24.o(i.NRF24_readReg) for NRF24_readReg
    nrf24.o(i.NRF24_Init) refers to nrf24.o(i.NRF24_readWriteReg) for NRF24_readWriteReg
    nrf24.o(i.NRF24_Init) refers to nrf24.o(i.NRF24_readReg) for NRF24_readReg
    nrf24.o(i.NRF24_Init) refers to nrf24.o(i.NRF24_SetActivateDPL) for NRF24_SetActivateDPL
    nrf24.o(i.NRF24_Init) refers to nrf24.o(i.NRF24_FlushRX) for NRF24_FlushRX
    nrf24.o(i.NRF24_Init) refers to nrf24.o(i.NRF24_FlushTX) for NRF24_FlushTX
    nrf24.o(i.NRF24_Init) refers to nrf24.o(i.NRF24_ClearIRQFlags) for NRF24_ClearIRQFlags
    nrf24.o(i.NRF24_Init) refers to stm32f0xx_gpio.o(i.GPIO_SetBits) for GPIO_SetBits
    nrf24.o(i.NRF24_ReadPayload) refers to nrf24.o(i.NRF24_readReg) for NRF24_readReg
    nrf24.o(i.NRF24_ReadPayload) refers to nrf24.o(i.NRF24_readBuf) for NRF24_readBuf
    nrf24.o(i.NRF24_ReadPayload) refers to nrf24.o(.constdata) for NRF24_RX_PW_PIPE
    nrf24.o(i.NRF24_ResetPLOS) refers to nrf24.o(i.NRF24_readReg) for NRF24_readReg
    nrf24.o(i.NRF24_ResetPLOS) refers to nrf24.o(i.NRF24_readWriteReg) for NRF24_readWriteReg
    nrf24.o(i.NRF24_SetAckPay) refers to nrf24.o(i.NRF24_readReg) for NRF24_readReg
    nrf24.o(i.NRF24_SetAckPay) refers to nrf24.o(i.NRF24_readWriteReg) for NRF24_readWriteReg
    nrf24.o(i.NRF24_SetActivateDPL) refers to nrf24.o(i.NRF24_readWriteReg) for NRF24_readWriteReg
    nrf24.o(i.NRF24_SetAddr) refers to nrf24.o(i.__ARM_common_switch8) for __ARM_common_switch8
    nrf24.o(i.NRF24_SetAddr) refers to nrf24.o(i.NRF24_readReg) for NRF24_readReg
    nrf24.o(i.NRF24_SetAddr) refers to stm32f0xx_gpio.o(i.GPIO_ResetBits) for GPIO_ResetBits
    nrf24.o(i.NRF24_SetAddr) refers to nrf24.o(i.NRF24_readWrite) for NRF24_readWrite
    nrf24.o(i.NRF24_SetAddr) refers to stm32f0xx_gpio.o(i.GPIO_SetBits) for GPIO_SetBits
    nrf24.o(i.NRF24_SetAddr) refers to nrf24.o(i.NRF24_readWriteReg) for NRF24_readWriteReg
    nrf24.o(i.NRF24_SetAddr) refers to nrf24.o(.constdata) for NRF24_ADDR_REGS
    nrf24.o(i.NRF24_SetAddrWidth) refers to nrf24.o(i.NRF24_readWriteReg) for NRF24_readWriteReg
    nrf24.o(i.NRF24_SetAutoRetr) refers to nrf24.o(i.NRF24_readWriteReg) for NRF24_readWriteReg
    nrf24.o(i.NRF24_SetCRCScheme) refers to nrf24.o(i.NRF24_readReg) for NRF24_readReg
    nrf24.o(i.NRF24_SetCRCScheme) refers to nrf24.o(i.NRF24_readWriteReg) for NRF24_readWriteReg
    nrf24.o(i.NRF24_SetDPL) refers to nrf24.o(i.NRF24_readReg) for NRF24_readReg
    nrf24.o(i.NRF24_SetDPL) refers to nrf24.o(i.NRF24_readWriteReg) for NRF24_readWriteReg
    nrf24.o(i.NRF24_SetDataRate) refers to nrf24.o(i.NRF24_readReg) for NRF24_readReg
    nrf24.o(i.NRF24_SetDataRate) refers to nrf24.o(i.NRF24_readWriteReg) for NRF24_readWriteReg
    nrf24.o(i.NRF24_SetDplPipe) refers to nrf24.o(i.NRF24_readReg) for NRF24_readReg
    nrf24.o(i.NRF24_SetDplPipe) refers to nrf24.o(i.NRF24_readWriteReg) for NRF24_readWriteReg
    nrf24.o(i.NRF24_SetDynAsk) refers to nrf24.o(i.NRF24_readReg) for NRF24_readReg
    nrf24.o(i.NRF24_SetDynAsk) refers to nrf24.o(i.NRF24_readWriteReg) for NRF24_readWriteReg
    nrf24.o(i.NRF24_SetOperationalMode) refers to nrf24.o(i.NRF24_readReg) for NRF24_readReg
[...]
    sys_exit.o(.text) refers (Special) to indicate_semi.o(.text) for __semihosting_library_function
    rtexit2.o(.ARM.Collect$$rtexit$$00000003) refers to libshutdown.o(.ARM.Collect$$libshutdown$$00000000) for __rt_lib_shutdown
    rtexit2.o(.ARM.Collect$$rtexit$$00000004) refers to sys_exit.o(.text) for _sys_exit
    rtexit2.o(.ARM.exidx) refers to rtexit2.o(.ARM.Collect$$rtexit$$00000001) for .ARM.Collect$$rtexit$$00000001
    rtexit2.o(.ARM.exidx) refers to rtexit2.o(.ARM.Collect$$rtexit$$00000003) for .ARM.Collect$$rtexit$$00000003
    rtexit2.o(.ARM.exidx) refers to rtexit2.o(.ARM.Collect$$rtexit$$00000004) for .ARM.Collect$$rtexit$$00000004
    __raise.o(.text) refers to defsig.o(CL$$defsig) for __default_signal_handler
    defsig_general.o(.text) refers to sys_wrch.o(.text) for _ttywrch
    sys_wrch.o(.text) refers (Special) to use_no_semi.o(.text) for __I$use$semihosting
    sys_wrch.o(.text) refers (Special) to indicate_semi.o(.text) for __semihosting_library_function
    defsig.o(CL$$defsig) refers to defsig_fpe_inner.o(.text) for __rt_SIGFPE_inner
    defsig.o(CL$$defsig) refers to defsig_rtmem_inner.o(.text) for __rt_SIGRTMEM_inner
    _get_argv_nomalloc.o(.text) refers (Special) to hrguard.o(.text) for __heap_region$guard
    _get_argv_nomalloc.o(.text) refers to defsig_rtmem_outer.o(.text) for __rt_SIGRTMEM
    _get_argv_nomalloc.o(.text) refers to sys_command.o(.text) for _sys_command_string
    libshutdown.o(.ARM.Collect$$libshutdown$$00000000) refers (Special) to libshutdown2.o(.ARM.Collect$$libshutdown$$00000006) for __rt_lib_shutdown_fp_trap_1
    libshutdown.o(.ARM.Collect$$libshutdown$$00000000) refers (Special) to libshutdown2.o(.ARM.Collect$$libshutdown$$0000000E) for __rt_lib_shutdown_heap_1
    libshutdown.o(.ARM.Collect$$libshutdown$$00000000) refers (Special) to libshutdown2.o(.ARM.Collect$$libshutdown$$0000000F) for __rt_lib_shutdown_return
    libshutdown.o(.ARM.Collect$$libshutdown$$00000000) refers (Special) to libshutdown2.o(.ARM.Collect$$libshutdown$$00000009) for __rt_lib_shutdown_signal_1
    libshutdown.o(.ARM.Collect$$libshutdown$$00000000) refers (Special) to libshutdown2.o(.ARM.Collect$$libshutdown$$00000003) for __rt_lib_shutdown_stdio_1
    libshutdown.o(.ARM.Collect$$libshutdown$$00000000) refers (Special) to libshutdown2.o(.ARM.Collect$$libshutdown$$0000000B) for __rt_lib_shutdown_user_alloc_1
    sys_command.o(.text) refers (Special) to use_no_semi.o(.text) for __I$use$semihosting
    sys_command.o(.text) refers (Special) to indicate_semi.o(.text) for __semihosting_library_function
    defsig_abrt_inner.o(.text) refers to defsig_general.o(.text) for __default_signal_display
    defsig_rtred_inner.o(.text) refers to defsig_general.o(.text) for __default_signal_display
    defsig_rtmem_inner.o(.text) refers to defsig_general.o(.text) for __default_signal_display
    defsig_rtmem_outer.o(.text) refers to defsig_rtmem_inner.o(.text) for __rt_SIGRTMEM_inner
    defsig_rtmem_outer.o(.text) refers to defsig_exit.o(.text) for __sig_exit
    defsig_rtmem_formal.o(.text) refers to rt_raise.o(.text) for __rt_raise
    defsig_stak_inner.o(.text) refers to defsig_general.o(.text) for __default_signal_display
    defsig_pvfn_inner.o(.text) refers to defsig_general.o(.text) for __default_signal_display
    defsig_cppl_inner.o(.text) refers to defsig_general.o(.text) for __default_signal_display
    defsig_segv_inner.o(.text) refers to defsig_general.o(.text) for __default_signal_display
    defsig_other.o(.text) refers to defsig_general.o(.text) for __default_signal_display


==============================================================================

Removing Unused input sections from the image.

    Removing nrf24.o(.rev16_text), (4 bytes).
    Removing nrf24.o(.revsh_text), (4 bytes).
    Removing nrf24.o(i.NRF24_ClosePipe), (36 bytes).
    Removing nrf24.o(i.NRF24_DisableAA), (46 bytes).
    Removing nrf24.o(i.NRF24_GetAckPayloadWidth), (12 bytes).
    Removing nrf24.o(i.NRF24_GetIRQFlags), (14 bytes).
    Removing nrf24.o(i.NRF24_GetRXSource), (16 bytes).
    Removing nrf24.o(i.NRF24_GetRetransmitCounters), (10 bytes).
    Removing nrf24.o(i.NRF24_GetStatus_TXFIFO), (16 bytes).
    Removing nrf24.o(i.NRF24_ResetPLOS), (20 bytes).
    Removing nrf24.o(i.NRF24_SetAutoRetr), (24 bytes).
    Removing nrf24.o(i.NRF24_SetDynAsk), (28 bytes).
    Removing nrf24.o(i.NRF24_WritePayload), (18 bytes).
    Removing main.o(.rev16_text), (4 bytes).
    Removing main.o(.revsh_text), (4 bytes).
    Removing stm32f0xx_it.o(.rev16_text), (4 bytes).
    Removing stm32f0xx_it.o(.revsh_text), (4 bytes).
    Removing stm32f0xx_it.o(.constdata), (13 bytes).
    Removing system_stm32f0xx.o(.rev16_text), (4 bytes).
    Removing system_stm32f0xx.o(.revsh_text), (4 bytes).
    Removing system_stm32f0xx.o(i.SystemCoreClockUpdate), (176 bytes).
    Removing stm32f0xx_exti.o(.rev16_text), (4 bytes).
    Removing stm32f0xx_exti.o(.revsh_text), (4 bytes).
    Removing stm32f0xx_exti.o(i.EXTI_ClearFlag), (12 bytes).
    Removing stm32f0xx_exti.o(i.EXTI_DeInit), (32 bytes).
    Removing stm32f0xx_exti.o(i.EXTI_GenerateSWInterrupt), (16 bytes).
    Removing stm32f0xx_exti.o(i.EXTI_GetFlagStatus), (28 bytes).
    Removing stm32f0xx_exti.o(i.EXTI_StructInit), (16 bytes).
    Removing stm32f0xx_gpio.o(.rev16_text), (4 bytes).
    Removing stm32f0xx_gpio.o(.revsh_text), (4 bytes).
    Removing stm32f0xx_gpio.o(i.GPIO_PinLockConfig), (34 bytes).
    Removing stm32f0xx_gpio.o(i.GPIO_ReadInputData), (6 bytes).
    Removing stm32f0xx_gpio.o(i.GPIO_ReadInputDataBit), (20 bytes).
    Removing stm32f0xx_gpio.o(i.GPIO_ReadOutputData), (6 bytes).
    Removing stm32f0xx_gpio.o(i.GPIO_StructInit), (24 bytes).
    Removing stm32f0xx_gpio.o(i.GPIO_Write), (4 bytes).
    Removing stm32f0xx_misc.o(.rev16_text), (4 bytes).
    Removing stm32f0xx_misc.o(.revsh_text), (4 bytes).
    Removing stm32f0xx_misc.o(i.NVIC_SystemLPConfig), (32 bytes).
    Removing stm32f0xx_misc.o(i.SysTick_CLKSourceConfig), (36 bytes).
    Removing stm32f0xx_rcc.o(.rev16_text), (4 bytes).
    Removing stm32f0xx_rcc.o(.revsh_text), (4 bytes).
    Removing stm32f0xx_rcc.o(i.RCC_APB1PeriphResetCmd), (32 bytes).
    Removing stm32f0xx_rcc.o(i.RCC_APB2PeriphResetCmd), (32 bytes).
    Removing stm32f0xx_rcc.o(i.RCC_AdjustHSI14CalibrationValue), (32 bytes).
    Removing stm32f0xx_rcc.o(i.RCC_AdjustHSICalibrationValue), (32 bytes).
    Removing stm32f0xx_rcc.o(i.RCC_BackupResetCmd), (40 bytes).
    Removing stm32f0xx_rcc.o(i.RCC_CECCLKConfig), (28 bytes).
    Removing stm32f0xx_rcc.o(i.RCC_ClearFlag), (20 bytes).
    Removing stm32f0xx_rcc.o(i.RCC_ClearITPendingBit), (12 bytes).
    Removing stm32f0xx_rcc.o(i.RCC_ClockSecuritySystemCmd), (40 bytes).
    Removing stm32f0xx_rcc.o(i.RCC_GetITStatus), (28 bytes).
    Removing stm32f0xx_rcc.o(i.RCC_HSI14ADCRequestCmd), (36 bytes).
    Removing stm32f0xx_rcc.o(i.RCC_HSI14Cmd), (36 bytes).
    Removing stm32f0xx_rcc.o(i.RCC_HSI48Cmd), (40 bytes).
    Removing stm32f0xx_rcc.o(i.RCC_HSICmd), (36 bytes).
    Removing stm32f0xx_rcc.o(i.RCC_I2CCLKConfig), (28 bytes).
    Removing stm32f0xx_rcc.o(i.RCC_ITConfig), (32 bytes).
    Removing stm32f0xx_rcc.o(i.RCC_LSEConfig), (40 bytes).
    Removing stm32f0xx_rcc.o(i.RCC_LSEDriveConfig), (28 bytes).
    Removing stm32f0xx_rcc.o(i.RCC_LSICmd), (36 bytes).
    Removing stm32f0xx_rcc.o(i.RCC_MCOConfig), (28 bytes).
    Removing stm32f0xx_rcc.o(i.RCC_PREDIV1Config), (28 bytes).
    Removing stm32f0xx_rcc.o(i.RCC_RTCCLKCmd), (40 bytes).
    Removing stm32f0xx_rcc.o(i.RCC_RTCCLKConfig), (16 bytes).
    Removing stm32f0xx_rcc.o(i.RCC_USARTCLKConfig), (72 bytes).
    Removing stm32f0xx_rcc.o(i.RCC_USBCLKConfig), (28 bytes).
    Removing stm32f0xx_spi.o(.rev16_text), (4 bytes).
    Removing stm32f0xx_spi.o(.revsh_text), (4 bytes).
    Removing stm32f0xx_spi.o(i.I2S_Cmd), (32 bytes).
    Removing stm32f0xx_spi.o(i.I2S_Init), (232 bytes).
    Removing stm32f0xx_spi.o(i.I2S_StructInit), (20 bytes).
    Removing stm32f0xx_spi.o(i.SPI_BiDirectionalLineConfig), (32 bytes).
    Removing stm32f0xx_spi.o(i.SPI_CRCLengthConfig), (20 bytes).
    Removing stm32f0xx_spi.o(i.SPI_CalculateCRC), (32 bytes).
    Removing stm32f0xx_spi.o(i.SPI_DataSizeConfig), (24 bytes).
    Removing stm32f0xx_spi.o(i.SPI_GetCRC), (16 bytes).
    Removing stm32f0xx_spi.o(i.SPI_GetCRCPolynomial), (6 bytes).
    Removing stm32f0xx_spi.o(i.SPI_GetReceptionFIFOStatus), (12 bytes).
    Removing stm32f0xx_spi.o(i.SPI_GetTransmissionFIFOStatus), (12 bytes).
    Removing stm32f0xx_spi.o(i.SPI_I2S_ClearFlag), (6 bytes).
    Removing stm32f0xx_spi.o(i.SPI_I2S_DMACmd), (20 bytes).
    Removing stm32f0xx_spi.o(i.SPI_I2S_DeInit), (60 bytes).
    Removing stm32f0xx_spi.o(i.SPI_I2S_GetITStatus), (56 bytes).
    Removing stm32f0xx_spi.o(i.SPI_I2S_ITConfig), (34 bytes).
    Removing stm32f0xx_spi.o(i.SPI_I2S_ReceiveData16), (6 bytes).
    Removing stm32f0xx_spi.o(i.SPI_I2S_SendData16), (4 bytes).
    Removing stm32f0xx_spi.o(i.SPI_LastDMATransferCmd), (20 bytes).
    Removing stm32f0xx_spi.o(i.SPI_NSSInternalSoftwareConfig), (32 bytes).
    Removing stm32f0xx_spi.o(i.SPI_NSSPulseModeCmd), (28 bytes).
    Removing stm32f0xx_spi.o(i.SPI_SSOutputCmd), (28 bytes).
    Removing stm32f0xx_spi.o(i.SPI_StructInit), (30 bytes).
    Removing stm32f0xx_spi.o(i.SPI_TIModeCmd), (28 bytes).
    Removing stm32f0xx_spi.o(i.SPI_TransmitCRC), (12 bytes).
    Removing stm32f0xx_syscfg.o(.rev16_text), (4 bytes).
    Removing stm32f0xx_syscfg.o(.revsh_text), (4 bytes).
    Removing stm32f0xx_syscfg.o(i.SYSCFG_BreakConfig), (16 bytes).
    Removing stm32f0xx_syscfg.o(i.SYSCFG_ClearFlag), (16 bytes).
    Removing stm32f0xx_syscfg.o(i.SYSCFG_DMAChannelRemapConfig), (32 bytes).
    Removing stm32f0xx_syscfg.o(i.SYSCFG_DeInit), (44 bytes).
    Removing stm32f0xx_syscfg.o(i.SYSCFG_GetFlagStatus), (32 bytes).
    Removing stm32f0xx_syscfg.o(i.SYSCFG_GetPendingIT), (24 bytes).
    Removing stm32f0xx_syscfg.o(i.SYSCFG_I2CFastModePlusConfig), (32 bytes).
    Removing stm32f0xx_syscfg.o(i.SYSCFG_IRDAEnvSelection), (28 bytes).
    Removing stm32f0xx_syscfg.o(i.SYSCFG_MemoryRemapConfig), (28 bytes).
    Removing stm32f0xx_tim.o(.rev16_text), (4 bytes).
    Removing stm32f0xx_tim.o(.revsh_text), (4 bytes).
    Removing stm32f0xx_tim.o(i.TI1_Config), (56 bytes).
    Removing stm32f0xx_tim.o(i.TI2_Config), (76 bytes).
    Removing stm32f0xx_tim.o(i.TI3_Config), (72 bytes).
    Removing stm32f0xx_tim.o(i.TI4_Config), (80 bytes).
    Removing stm32f0xx_tim.o(i.TIM_ARRPreloadConfig), (28 bytes).
    Removing stm32f0xx_tim.o(i.TIM_BDTRConfig), (32 bytes).
    Removing stm32f0xx_tim.o(i.TIM_BDTRStructInit), (18 bytes).
    Removing stm32f0xx_tim.o(i.TIM_CCPreloadControl), (28 bytes).
    Removing stm32f0xx_tim.o(i.TIM_CCxCmd), (30 bytes).
    Removing stm32f0xx_tim.o(i.TIM_CCxNCmd), (30 bytes).
    Removing stm32f0xx_tim.o(i.TIM_ClearFlag), (6 bytes).
    Removing stm32f0xx_tim.o(i.TIM_ClearOC1Ref), (24 bytes).
    Removing stm32f0xx_tim.o(i.TIM_ClearOC2Ref), (20 bytes).
    Removing stm32f0xx_tim.o(i.TIM_ClearOC3Ref), (24 bytes).
    Removing stm32f0xx_tim.o(i.TIM_ClearOC4Ref), (20 bytes).
    Removing stm32f0xx_tim.o(i.TIM_CounterModeConfig), (24 bytes).
    Removing stm32f0xx_tim.o(i.TIM_CtrlPWMOutputs), (34 bytes).
    Removing stm32f0xx_tim.o(i.TIM_DMACmd), (20 bytes).
    Removing stm32f0xx_tim.o(i.TIM_DMAConfig), (12 bytes).
    Removing stm32f0xx_tim.o(i.TIM_DeInit), (260 bytes).
    Removing stm32f0xx_tim.o(i.TIM_ETRClockMode1Config), (52 bytes).
    Removing stm32f0xx_tim.o(i.TIM_ETRClockMode2Config), (34 bytes).
    Removing stm32f0xx_tim.o(i.TIM_ETRConfig), (24 bytes).
    Removing stm32f0xx_tim.o(i.TIM_EncoderInterfaceConfig), (68 bytes).
    Removing stm32f0xx_tim.o(i.TIM_ForcedOC1Config), (24 bytes).
    Removing stm32f0xx_tim.o(i.TIM_ForcedOC2Config), (24 bytes).
    Removing stm32f0xx_tim.o(i.TIM_ForcedOC3Config), (24 bytes).
    Removing stm32f0xx_tim.o(i.TIM_ForcedOC4Config), (24 bytes).
    Removing stm32f0xx_tim.o(i.TIM_GenerateEvent), (4 bytes).
    Removing stm32f0xx_tim.o(i.TIM_GetCapture1), (6 bytes).
    Removing stm32f0xx_tim.o(i.TIM_GetCapture2), (6 bytes).
    Removing stm32f0xx_tim.o(i.TIM_GetCapture3), (6 bytes).
    Removing stm32f0xx_tim.o(i.TIM_GetCapture4), (6 bytes).
    Removing stm32f0xx_tim.o(i.TIM_GetCounter), (6 bytes).
    Removing stm32f0xx_tim.o(i.TIM_GetFlagStatus), (20 bytes).
    Removing stm32f0xx_tim.o(i.TIM_GetPrescaler), (6 bytes).
    Removing stm32f0xx_tim.o(i.TIM_ICInit), (112 bytes).
    Removing stm32f0xx_tim.o(i.TIM_ICStructInit), (18 bytes).
    Removing stm32f0xx_tim.o(i.TIM_ITRxExternalClockConfig), (24 bytes).
    Removing stm32f0xx_tim.o(i.TIM_InternalClockConfig), (16 bytes).
    Removing stm32f0xx_tim.o(i.TIM_OC1FastConfig), (24 bytes).
    Removing stm32f0xx_tim.o(i.TIM_OC1Init), (148 bytes).
    Removing stm32f0xx_tim.o(i.TIM_OC1NPolarityConfig), (24 bytes).
    Removing stm32f0xx_tim.o(i.TIM_OC1PolarityConfig), (24 bytes).
    Removing stm32f0xx_tim.o(i.TIM_OC1PreloadConfig), (24 bytes).
    Removing stm32f0xx_tim.o(i.TIM_OC2FastConfig), (24 bytes).
    Removing stm32f0xx_tim.o(i.TIM_OC2Init), (172 bytes).
    Removing stm32f0xx_tim.o(i.TIM_OC2NPolarityConfig), (24 bytes).
    Removing stm32f0xx_tim.o(i.TIM_OC2PolarityConfig), (24 bytes).
    Removing stm32f0xx_tim.o(i.TIM_OC2PreloadConfig), (24 bytes).
    Removing stm32f0xx_tim.o(i.TIM_OC3FastConfig), (24 bytes).
    Removing stm32f0xx_tim.o(i.TIM_OC3Init), (152 bytes).
    Removing stm32f0xx_tim.o(i.TIM_OC3NPolarityConfig), (24 bytes).
    Removing stm32f0xx_tim.o(i.TIM_OC3PolarityConfig), (24 bytes).
    Removing stm32f0xx_tim.o(i.TIM_OC3PreloadConfig), (24 bytes).
    Removing stm32f0xx_tim.o(i.TIM_OC4FastConfig), (24 bytes).
    Removing stm32f0xx_tim.o(i.TIM_OC4Init), (112 bytes).
    Removing stm32f0xx_tim.o(i.TIM_OC4PolarityConfig), (24 bytes).
    Removing stm32f0xx_tim.o(i.TIM_OC4PreloadConfig), (24 bytes).
    Removing stm32f0xx_tim.o(i.TIM_OCStructInit), (20 bytes).
    Removing stm32f0xx_tim.o(i.TIM_PWMIConfig), (124 bytes).
    Removing stm32f0xx_tim.o(i.TIM_PrescalerConfig), (6 bytes).
    Removing stm32f0xx_tim.o(i.TIM_RemapConfig), (6 bytes).
    Removing stm32f0xx_tim.o(i.TIM_SelectCCDMA), (28 bytes).
    Removing stm32f0xx_tim.o(i.TIM_SelectCOM), (28 bytes).
    Removing stm32f0xx_tim.o(i.TIM_SelectHallSensor), (28 bytes).
    Removing stm32f0xx_tim.o(i.TIM_SelectInputTrigger), (24 bytes).
    Removing stm32f0xx_tim.o(i.TIM_SelectMasterSlaveMode), (20 bytes).
    Removing stm32f0xx_tim.o(i.TIM_SelectOCREFClear), (20 bytes).
    Removing stm32f0xx_tim.o(i.TIM_SelectOCxM), (82 bytes).
    Removing stm32f0xx_tim.o(i.TIM_SelectOnePulseMode), (20 bytes).
    Removing stm32f0xx_tim.o(i.TIM_SelectOutputTrigger), (20 bytes).
    Removing stm32f0xx_tim.o(i.TIM_SelectSlaveMode), (20 bytes).
    Removing stm32f0xx_tim.o(i.TIM_SetAutoreload), (4 bytes).
    Removing stm32f0xx_tim.o(i.TIM_SetClockDivision), (20 bytes).
    Removing stm32f0xx_tim.o(i.TIM_SetCompare1), (4 bytes).
    Removing stm32f0xx_tim.o(i.TIM_SetCompare2), (4 bytes).
    Removing stm32f0xx_tim.o(i.TIM_SetCompare3), (4 bytes).
    Removing stm32f0xx_tim.o(i.TIM_SetCompare4), (4 bytes).
    Removing stm32f0xx_tim.o(i.TIM_SetCounter), (4 bytes).
    Removing stm32f0xx_tim.o(i.TIM_SetIC1Prescaler), (20 bytes).
    Removing stm32f0xx_tim.o(i.TIM_SetIC2Prescaler), (24 bytes).
    Removing stm32f0xx_tim.o(i.TIM_SetIC3Prescaler), (20 bytes).
    Removing stm32f0xx_tim.o(i.TIM_SetIC4Prescaler), (24 bytes).
    Removing stm32f0xx_tim.o(i.TIM_TIxExternalClockConfig), (58 bytes).
    Removing stm32f0xx_tim.o(i.TIM_TimeBaseStructInit), (18 bytes).
    Removing stm32f0xx_tim.o(i.TIM_UpdateDisableConfig), (28 bytes).
    Removing stm32f0xx_tim.o(i.TIM_UpdateRequestConfig), (28 bytes).
    Removing stm32f0xx_usart.o(.rev16_text), (4 bytes).
    Removing stm32f0xx_usart.o(.revsh_text), (4 bytes).
    Removing stm32f0xx_usart.o(i.USART_AddressDetectionConfig), (16 bytes).
    Removing stm32f0xx_usart.o(i.USART_AutoBaudRateCmd), (28 bytes).
    Removing stm32f0xx_usart.o(i.USART_AutoBaudRateConfig), (18 bytes).
    Removing stm32f0xx_usart.o(i.USART_ClearFlag), (4 bytes).
    Removing stm32f0xx_usart.o(i.USART_ClockInit), (36 bytes).
    Removing stm32f0xx_usart.o(i.USART_ClockStructInit), (12 bytes).
    Removing stm32f0xx_usart.o(i.USART_DECmd), (28 bytes).
    Removing stm32f0xx_usart.o(i.USART_DEPolarityConfig), (18 bytes).
    Removing stm32f0xx_usart.o(i.USART_DMACmd), (20 bytes).
    Removing stm32f0xx_usart.o(i.USART_DMAReceptionErrorConfig), (18 bytes).
    Removing stm32f0xx_usart.o(i.USART_DataInvCmd), (28 bytes).
    Removing stm32f0xx_usart.o(i.USART_DeInit), (240 bytes).
    Removing stm32f0xx_usart.o(i.USART_DirectionModeCmd), (20 bytes).
    Removing stm32f0xx_usart.o(i.USART_HalfDuplexCmd), (24 bytes).
    Removing stm32f0xx_usart.o(i.USART_InvPinCmd), (20 bytes).
    Removing stm32f0xx_usart.o(i.USART_IrDACmd), (24 bytes).
    Removing stm32f0xx_usart.o(i.USART_IrDAConfig), (16 bytes).
    Removing stm32f0xx_usart.o(i.USART_LINBreakDetectLengthConfig), (16 bytes).
    Removing stm32f0xx_usart.o(i.USART_LINCmd), (28 bytes).
    Removing stm32f0xx_usart.o(i.USART_MSBFirstCmd), (28 bytes).
    Removing stm32f0xx_usart.o(i.USART_MuteModeCmd), (28 bytes).
    Removing stm32f0xx_usart.o(i.USART_MuteModeWakeUpConfig), (18 bytes).
    Removing stm32f0xx_usart.o(i.USART_OneBitMethodCmd), (28 bytes).
    Removing stm32f0xx_usart.o(i.USART_OverSampling8Cmd), (28 bytes).
    Removing stm32f0xx_usart.o(i.USART_OverrunDetectionConfig), (18 bytes).
    Removing stm32f0xx_usart.o(i.USART_ReceiverTimeOutCmd), (28 bytes).
    Removing stm32f0xx_usart.o(i.USART_RequestCmd), (20 bytes).
    Removing stm32f0xx_usart.o(i.USART_STOPModeCmd), (24 bytes).
    Removing stm32f0xx_usart.o(i.USART_SWAPPinCmd), (28 bytes).
    Removing stm32f0xx_usart.o(i.USART_SetAddress), (18 bytes).
    Removing stm32f0xx_usart.o(i.USART_SetAutoRetryCount), (20 bytes).
    Removing stm32f0xx_usart.o(i.USART_SetBlockLength), (18 bytes).
    Removing stm32f0xx_usart.o(i.USART_SetDEAssertionTime), (20 bytes).
    Removing stm32f0xx_usart.o(i.USART_SetDEDeassertionTime), (20 bytes).
    Removing stm32f0xx_usart.o(i.USART_SetGuardTime), (16 bytes).
    Removing stm32f0xx_usart.o(i.USART_SetPrescaler), (18 bytes).
    Removing stm32f0xx_usart.o(i.USART_SetReceiverTimeOut), (16 bytes).
    Removing stm32f0xx_usart.o(i.USART_SmartCardCmd), (24 bytes).
    Removing stm32f0xx_usart.o(i.USART_SmartCardNACKCmd), (24 bytes).
    Removing stm32f0xx_usart.o(i.USART_StopModeWakeUpSourceConfig), (18 bytes).
    Removing stm32f0xx_usart.o(i.USART_StructInit), (24 bytes).
    Removing utils.o(.rev16_text), (4 bytes).
    Removing utils.o(.revsh_text), (4 bytes).
    Removing utils.o(i.NRF24_Config_transmit), (2 bytes).
    Removing utils.o(i.NRF24_TransmitPacket), (132 bytes).
    Removing utils.o(.constdata), (13 bytes).

243 unused section(s) (total 6970 bytes) removed from the image.

==============================================================================

Image Symbol Table

    Local Symbols

    Symbol Name                              Value     Ov Type        Size  Object(Section)

    ../clib/angel/boardlib.s                 0x00000000   Number         0  boardshut.o ABSOLUTE
    ../clib/angel/boardlib.s                 0x00000000   Number         0  boardinit2.o ABSOLUTE
    ../clib/angel/boardlib.s                 0x00000000   Number         0  boardinit3.o ABSOLUTE
    ../clib/angel/boardlib.s                 0x00000000   Number         0  boardinit1.o ABSOLUTE
    ../clib/angel/handlers.s                 0x00000000   Number         0  __scatter_zi.o ABSOLUTE
    ../clib/angel/handlers.s                 0x00000000   Number         0  __scatter_copy.o ABSOLUTE
    ../clib/angel/kernel.s                   0x00000000   Number         0  __rtentry.o ABSOLUTE
    ../clib/angel/kernel.s                   0x00000000   Number         0  __rtentry2.o ABSOLUTE
    ../clib/angel/kernel.s                   0x00000000   Number         0  rtexit.o ABSOLUTE
    ../clib/angel/kernel.s                   0x00000000   Number         0  rtexit2.o ABSOLUTE
    ../clib/angel/kernel.s                   0x00000000   Number         0  __rtentry4.o ABSOLUTE
    ../clib/angel/rt.s                       0x00000000   Number         0  aeabi_idiv0_sigfpe.o ABSOLUTE
    ../clib/angel/rt.s                       0x00000000   Number         0  aeabi_idiv0.o ABSOLUTE
    ../clib/angel/rt.s                       0x00000000   Number         0  rt_raise.o ABSOLUTE
    ../clib/angel/rt.s                       0x00000000   Number         0  rt_div0.o ABSOLUTE
    ../clib/angel/scatterp.s                 0x00000000   Number         0  __scatter.o ABSOLUTE
    ../clib/angel/startup.s                  0x00000000   Number         0  __main.o ABSOLUTE
    ../clib/angel/sys.s                      0x00000000   Number         0  libspace.o ABSOLUTE
    ../clib/angel/sys.s                      0x00000000   Number         0  indicate_semi.o ABSOLUTE
    ../clib/angel/sys.s                      0x00000000   Number         0  tempstk.o ABSOLUTE
    ../clib/angel/sys.s                      0x00000000   Number         0  sys_stackheap_outer.o ABSOLUTE
    ../clib/angel/sys.s                      0x00000000   Number         0  use_no_semi.o ABSOLUTE
    ../clib/angel/sysapp.c                   0x00000000   Number         0  sys_wrch.o ABSOLUTE
    ../clib/angel/sysapp.c                   0x00000000   Number         0  sys_command.o ABSOLUTE
    ../clib/angel/sysapp.c                   0x00000000   Number         0  sys_exit.o ABSOLUTE
    ../clib/armsys.c                         0x00000000   Number         0  argv_veneer.o ABSOLUTE
    ../clib/armsys.c                         0x00000000   Number         0  _get_argv_nomalloc.o ABSOLUTE
    ../clib/armsys.c                         0x00000000   Number         0  no_argv.o ABSOLUTE
    ../clib/division.s                       0x00000000   Number         0  aeabi_sdiv.o ABSOLUTE
    ../clib/division.s                       0x00000000   Number         0  aeabi_sdiv_div0.o ABSOLUTE
    ../clib/heapalloc.c                      0x00000000   Number         0  hrguard.o ABSOLUTE
    ../clib/heapaux.c                        0x00000000   Number         0  heapauxi.o ABSOLUTE
    ../clib/libinit.s                        0x00000000   Number         0  libshutdown2.o ABSOLUTE
    ../clib/libinit.s                        0x00000000   Number         0  libinit.o ABSOLUTE
    ../clib/libinit.s                        0x00000000   Number         0  libinit2.o ABSOLUTE
    ../clib/libinit.s                        0x00000000   Number         0  libshutdown.o ABSOLUTE
    ../clib/signal.c                         0x00000000   Number         0  __raise.o ABSOLUTE
    ../clib/signal.c                         0x00000000   Number         0  defsig_segv_inner.o ABSOLUTE
    ../clib/signal.c                         0x00000000   Number         0  defsig_general.o ABSOLUTE
    ../clib/signal.c                         0x00000000   Number         0  defsig_rtred_inner.o ABSOLUTE
    ../clib/signal.c                         0x00000000   Number         0  defsig_cppl_inner.o ABSOLUTE
    ../clib/signal.c                         0x00000000   Number         0  defsig_pvfn_inner.o ABSOLUTE
    ../clib/signal.c                         0x00000000   Number         0  defsig_stak_inner.o ABSOLUTE
    ../clib/signal.c                         0x00000000   Number         0  defsig_rtmem_formal.o ABSOLUTE
    ../clib/signal.c                         0x00000000   Number         0  defsig_exit.o ABSOLUTE
    ../clib/signal.c                         0x00000000   Number         0  defsig_rtmem_outer.o ABSOLUTE
    ../clib/signal.c                         0x00000000   Number         0  defsig_other.o ABSOLUTE
    ../clib/signal.c                         0x00000000   Number         0  defsig_rtmem_inner.o ABSOLUTE
    ../clib/signal.c                         0x00000000   Number         0  defsig_fpe_formal.o ABSOLUTE
    ../clib/signal.c                         0x00000000   Number         0  defsig_abrt_inner.o ABSOLUTE
    ../clib/signal.c                         0x00000000   Number         0  defsig_fpe_inner.o ABSOLUTE
    ../clib/signal.c                         0x00000000   Number         0  defsig_fpe_outer.o ABSOLUTE
    ../clib/signal.s                         0x00000000   Number         0  defsig.o ABSOLUTE
    ../clib/stdlib.c                         0x00000000   Number         0  exit.o ABSOLUTE
    ../clib/string.c                         0x00000000   Number         0  strlen.o ABSOLUTE
    ../fplib/cfplib/fpinit.c                 0x00000000   Number         0  fpinit.o ABSOLUTE
    Driver\\nrf24.c                          0x00000000   Number         0  nrf24.o ABSOLUTE
    Driver\\utils.c                          0x00000000   Number         0  utils.o ABSOLUTE
    Driver\nrf24.c                           0x00000000   Number         0  nrf24.o ABSOLUTE
    Driver\utils.c                           0x00000000   Number         0  utils.o ABSOLUTE
    MAIN\\main.c                             0x00000000   Number         0  main.o ABSOLUTE
    MAIN\\stm32f0xx_it.c                     0x00000000   Number         0  stm32f0xx_it.o ABSOLUTE
    MAIN\\system_stm32f0xx.c                 0x00000000   Number         0  system_stm32f0xx.o ABSOLUTE
    MAIN\main.c                              0x00000000   Number         0  main.o ABSOLUTE
    MAIN\stm32f0xx_it.c                      0x00000000   Number         0  stm32f0xx_it.o ABSOLUTE
    MAIN\system_stm32f0xx.c                  0x00000000   Number         0  system_stm32f0xx.o ABSOLUTE
    SPL\\src\\stm32f0xx_exti.c               0x00000000   Number         0  stm32f0xx_exti.o ABSOLUTE
    SPL\\src\\stm32f0xx_gpio.c               0x00000000   Number         0  stm32f0xx_gpio.o ABSOLUTE
    SPL\\src\\stm32f0xx_misc.c               0x00000000   Number         0  stm32f0xx_misc.o ABSOLUTE
    SPL\\src\\stm32f0xx_rcc.c                0x00000000   Number         0  stm32f0xx_rcc.o ABSOLUTE
    SPL\\src\\stm32f0xx_spi.c                0x00000000   Number         0  stm32f0xx_spi.o ABSOLUTE
    SPL\\src\\stm32f0xx_syscfg.c             0x00000000   Number         0  stm32f0xx_syscfg.o ABSOLUTE
    SPL\\src\\stm32f0xx_tim.c                0x00000000   Number         0  stm32f0xx_tim.o ABSOLUTE
    SPL\\src\\stm32f0xx_usart.c              0x00000000   Number         0  stm32f0xx_usart.o ABSOLUTE
    SPL\src\stm32f0xx_exti.c                 0x00000000   Number         0  stm32f0xx_exti.o ABSOLUTE
    SPL\src\stm32f0xx_gpio.c                 0x00000000   Number         0  stm32f0xx_gpio.o ABSOLUTE
    SPL\src\stm32f0xx_misc.c                 0x00000000   Number         0  stm32f0xx_misc.o ABSOLUTE
    SPL\src\stm32f0xx_rcc.c                  0x00000000   Number         0  stm32f0xx_rcc.o ABSOLUTE
    SPL\src\stm32f0xx_spi.c                  0x00000000   Number         0  stm32f0xx_spi.o ABSOLUTE
    SPL\src\stm32f0xx_syscfg.c               0x00000000   Number         0  stm32f0xx_syscfg.o ABSOLUTE
    SPL\src\stm32f0xx_tim.c                  0x00000000   Number         0  stm32f0xx_tim.o ABSOLUTE
    SPL\src\stm32f0xx_usart.c                0x00000000   Number         0  stm32f0xx_usart.o ABSOLUTE
    dc.s                                     0x00000000   Number         0  dc.o ABSOLUTE
    startup\startup_stm32f030.s              0x00000000   Number         0  startup_stm32f030.o ABSOLUTE
    RESET                                    0x08000000   Section      180  startup_stm32f030.o(RESET)
    !!!main                                  0x080000b4   Section        8  __main.o(!!!main)
    !!!scatter                               0x080000bc   Section       60  __scatter.o(!!!scatter)
    !!handler_copy                           0x080000f8   Section       26  __scatter_copy.o(!!handler_copy)
    !!handler_zi                             0x08000114   Section       28  __scatter_zi.o(!!handler_zi)
    .ARM.Collect$$libinit$$00000000          0x08000130   Section        2  libinit.o(.ARM.Collect$$libinit$$00000000)
    .ARM.Collect$$libinit$$00000002          0x08000132   Section        0  libinit2.o(.ARM.Collect$$libinit$$00000002)
    .ARM.Collect$$libinit$$00000004          0x08000132   Section        0  libinit2.o(.ARM.Collect$$libinit$$00000004)
    .ARM.Collect$$libinit$$0000000A          0x08000132   Section        0  libinit2.o(.ARM.Collect$$libinit$$0000000A)
    .ARM.Collect$$libinit$$0000000C          0x08000132   Section        0  libinit2.o(.ARM.Collect$$libinit$$0000000C)
    .ARM.Collect$$libinit$$0000000E          0x08000132   Section        0  libinit2.o(.ARM.Collect$$libinit$$0000000E)
    .ARM.Collect$$libinit$$00000011          0x08000132   Section        0  libinit2.o(.ARM.Collect$$libinit$$00000011)
    .ARM.Collect$$libinit$$00000013          0x08000132   Section        0  libinit2.o(.ARM.Collect$$libinit$$00000013)
    .ARM.Collect$$libinit$$00000015          0x08000132   Section        0  libinit2.o(.ARM.Collect$$libinit$$00000015)
    .ARM.Collect$$libinit$$00000017          0x08000132   Section        0  libinit2.o(.ARM.Collect$$libinit$$00000017)
    .ARM.Collect$$libinit$$00000019          0x08000132   Section        0  libinit2.o(.ARM.Collect$$libinit$$00000019)
    .ARM.Collect$$libinit$$0000001B          0x08000132   Section        0  libinit2.o(.ARM.Collect$$libinit$$0000001B)
    .ARM.Collect$$libinit$$0000001D          0x08000132   Section        0  libinit2.o(.ARM.Collect$$libinit$$0000001D)
    .ARM.Collect$$libinit$$0000001F          0x08000132   Section        0  libinit2.o(.ARM.Collect$$libinit$$0000001F)
    .ARM.Collect$$libinit$$00000021          0x08000132   Section        0  libinit2.o(.ARM.Collect$$libinit$$00000021)
    .ARM.Collect$$libinit$$00000023          0x08000132   Section        0  libinit2.o(.ARM.Collect$$libinit$$00000023)
    .ARM.Collect$$libinit$$00000025          0x08000132   Section        0  libinit2.o(.ARM.Collect$$libinit$$00000025)
    .ARM.Collect$$libinit$$0000002C          0x08000132   Section        0  libinit2.o(.ARM.Collect$$libinit$$0000002C)
    .ARM.Collect$$libinit$$0000002E          0x08000132   Section        0  libinit2.o(.ARM.Collect$$libinit$$0000002E)
    .ARM.Collect$$libinit$$00000030          0x08000132   Section        0  libinit2.o(.ARM.Collect$$libinit$$00000030)
    .ARM.Collect$$libinit$$00000032          0x08000132   Section        0  libinit2.o(.ARM.Collect$$libinit$$00000032)
    .ARM.Collect$$libinit$$00000033          0x08000132   Section        2  libinit2.o(.ARM.Collect$$libinit$$00000033)
    .ARM.Collect$$libshutdown$$00000000      0x08000134   Section        2  libshutdown.o(.ARM.Collect$$libshutdown$$00000000)
    .ARM.Collect$$libshutdown$$00000003      0x08000136   Section        0  libshutdown2.o(.ARM.Collect$$libshutdown$$00000003)
    .ARM.Collect$$libshutdown$$00000006      0x08000136   Section        0  libshutdown2.o(.ARM.Collect$$libshutdown$$00000006)
    .ARM.Collect$$libshutdown$$00000009      0x08000136   Section        0  libshutdown2.o(.ARM.Collect$$libshutdown$$00000009)
    .ARM.Collect$$libshutdown$$0000000B      0x08000136   Section        0  libshutdown2.o(.ARM.Collect$$libshutdown$$0000000B)
    .ARM.Collect$$libshutdown$$0000000E      0x08000136   Section        0  libshutdown2.o(.ARM.Collect$$libshutdown$$0000000E)
    .ARM.Collect$$libshutdown$$0000000F      0x08000136   Section        2  libshutdown2.o(.ARM.Collect$$libshutdown$$0000000F)
    .ARM.Collect$$rtentry$$00000000          0x08000138   Section        0  __rtentry.o(.ARM.Collect$$rtentry$$00000000)
    .ARM.Collect$$rtentry$$00000002          0x08000138   Section        0  __rtentry2.o(.ARM.Collect$$rtentry$$00000002)
    .ARM.Collect$$rtentry$$00000004          0x08000138   Section        6  __rtentry4.o(.ARM.Collect$$rtentry$$00000004)
    .ARM.Collect$$rtentry$$00000009          0x0800013e   Section        0  __rtentry2.o(.ARM.Collect$$rtentry$$00000009)
    .ARM.Collect$$rtentry$$0000000A          0x0800013e   Section        4  __rtentry2.o(.ARM.Collect$$rtentry$$0000000A)
    .ARM.Collect$$rtentry$$0000000C          0x08000142   Section        0  __rtentry2.o(.ARM.Collect$$rtentry$$0000000C)
    .ARM.Collect$$rtentry$$0000000D          0x08000142   Section        8  __rtentry2.o(.ARM.Collect$$rtentry$$0000000D)
    .ARM.Collect$$rtexit$$00000000           0x0800014a   Section        2  rtexit.o(.ARM.Collect$$rtexit$$00000000)
    .ARM.Collect$$rtexit$$00000002           0x0800014c   Section        0  rtexit2.o(.ARM.Collect$$rtexit$$00000002)
    .ARM.Collect$$rtexit$$00000003           0x0800014c   Section        4  rtexit2.o(.ARM.Collect$$rtexit$$00000003)
    .ARM.Collect$$rtexit$$00000004           0x08000150   Section        6  rtexit2.o(.ARM.Collect$$rtexit$$00000004)
    .text                                    0x08000158   Section      116  startup_stm32f030.o(.text)
    .text                                    0x080001cc   Section        0  strlen.o(.text)
    .text                                    0x08000210   Section      346  aeabi_sdiv.o(.text)
    .text                                    0x0800036a   Section        0  heapauxi.o(.text)
    .text                                    0x08000370   Section       62  sys_stackheap_outer.o(.text)
    .text                                    0x080003ae   Section        0  exit.o(.text)
    .text                                    0x080003bc   Section        8  libspace.o(.text)
    .text                                    0x080003c4   Section        0  sys_exit.o(.text)
    .text                                    0x080003d0   Section        2  use_no_semi.o(.text)
    .text                                    0x080003d2   Section        0  indicate_semi.o(.text)
    i.EXTI0_1_IRQHandler                     0x080003d4   Section        0  stm32f0xx_it.o(i.EXTI0_1_IRQHandler)
    i.EXTI0_Config                           0x08000470   Section        0  main.o(i.EXTI0_Config)
    i.EXTI4_15_IRQHandler                    0x0800050c   Section        0  stm32f0xx_it.o(i.EXTI4_15_IRQHandler)
    i.EXTI_ClearITPendingBit                 0x0800057c   Section        0  stm32f0xx_exti.o(i.EXTI_ClearITPendingBit)
    i.EXTI_GetITStatus                       0x08000588   Section        0  stm32f0xx_exti.o(i.EXTI_GetITStatus)
    i.EXTI_Init                              0x080005a4   Section        0  stm32f0xx_exti.o(i.EXTI_Init)
    i.GPIO_Config                            0x0800062c   Section        0  main.o(i.GPIO_Config)
    i.GPIO_DeInit                            0x0800072c   Section        0  stm32f0xx_gpio.o(i.GPIO_DeInit)
    i.GPIO_Init                              0x080007dc   Section        0  stm32f0xx_gpio.o(i.GPIO_Init)
    i.GPIO_PinAFConfig                       0x0800086c   Section        0  stm32f0xx_gpio.o(i.GPIO_PinAFConfig)
    i.GPIO_ReadOutputDataBit                 0x080008b0   Section        0  stm32f0xx_gpio.o(i.GPIO_ReadOutputDataBit)
    i.GPIO_ResetBits                         0x080008c4   Section        0  stm32f0xx_gpio.o(i.GPIO_ResetBits)
    i.GPIO_SetBits                           0x080008c8   Section        0  stm32f0xx_gpio.o(i.GPIO_SetBits)
    i.GPIO_WriteBit                          0x080008cc   Section        0  stm32f0xx_gpio.o(i.GPIO_WriteBit)
    i.HardFault_Handler                      0x080008d8   Section        0  stm32f0xx_it.o(i.HardFault_Handler)
    i.NMI_Handler                            0x080008dc   Section        0  stm32f0xx_it.o(i.NMI_Handler)
    i.NRF24_Check                            0x080008e0   Section        0  nrf24.o(i.NRF24_Check)
    i.NRF24_ClearIRQFlags                    0x08000920   Section        0  nrf24.o(i.NRF24_ClearIRQFlags)
    i.NRF24_EnableAA                         0x0800093c   Section        0  nrf24.o(i.NRF24_EnableAA)
    i.NRF24_FlushRX                          0x0800095a   Section        0  nrf24.o(i.NRF24_FlushRX)
    i.NRF24_FlushTX                          0x08000966   Section        0  nrf24.o(i.NRF24_FlushTX)
    i.NRF24_GetStatus                        0x08000972   Section        0  nrf24.o(i.NRF24_GetStatus)
    i.NRF24_GetStatus_RXFIFO                 0x0800097c   Section        0  nrf24.o(i.NRF24_GetStatus_RXFIFO)
    i.NRF24_Init                             0x0800098a   Section        0  nrf24.o(i.NRF24_Init)
    i.NRF24_ReadPayload                      0x08000a40   Section        0  nrf24.o(i.NRF24_ReadPayload)
    i.NRF24_SetAckPay                        0x08000a80   Section        0  nrf24.o(i.NRF24_SetAckPay)
    i.NRF24_SetActivateDPL                   0x08000aa0   Section        0  nrf24.o(i.NRF24_SetActivateDPL)
    i.NRF24_SetAddr                          0x08000aac   Section        0  nrf24.o(i.NRF24_SetAddr)
    i.NRF24_SetAddrWidth                     0x08000b2c   Section        0  nrf24.o(i.NRF24_SetAddrWidth)
    i.NRF24_SetCRCScheme                     0x08000b3c   Section        0  nrf24.o(i.NRF24_SetCRCScheme)
    i.NRF24_SetDPL                           0x08000b60   Section        0  nrf24.o(i.NRF24_SetDPL)
    i.NRF24_SetDataRate                      0x08000b80   Section        0  nrf24.o(i.NRF24_SetDataRate)
    i.NRF24_SetDplPipe                       0x08000ba4   Section        0  nrf24.o(i.NRF24_SetDplPipe)
    i.NRF24_SetOperationalMode               0x08000bce   Section        0  nrf24.o(i.NRF24_SetOperationalMode)
    i.NRF24_SetPowerMode                     0x08000bee   Section        0  nrf24.o(i.NRF24_SetPowerMode)
    i.NRF24_SetRFChannel                     0x08000c16   Section        0  nrf24.o(i.NRF24_SetRFChannel)
    i.NRF24_SetRXPipe                        0x08000c24   Section        0  nrf24.o(i.NRF24_SetRXPipe)
    i.NRF24_SetTXPower                       0x08000c84   Section        0  nrf24.o(i.NRF24_SetTXPower)
    i.NRF24_WriteAckPayload                  0x08000ca8   Section        0  nrf24.o(i.NRF24_WriteAckPayload)
    i.NRF24_readBuf                          0x08000cba   Section        0  nrf24.o(i.NRF24_readBuf)
    i.NRF24_readReg                          0x08000cf6   Section        0  nrf24.o(i.NRF24_readReg)
    i.NRF24_readWrite                        0x08000d20   Section        0  nrf24.o(i.NRF24_readWrite)
    i.NRF24_readWriteReg                     0x08000d54   Section        0  nrf24.o(i.NRF24_readWriteReg)
    i.NRF24_writeBuf                         0x08000d9e   Section        0  nrf24.o(i.NRF24_writeBuf)
    i.NVIC_Config                            0x08000ddc   Section        0  main.o(i.NVIC_Config)
    i.NVIC_Init                              0x08000e20   Section        0  stm32f0xx_misc.o(i.NVIC_Init)
    i.NVIC_SetPriority                       0x08000e90   Section        0  main.o(i.NVIC_SetPriority)
    NVIC_SetPriority                         0x08000e91   Thumb Code   110  main.o(i.NVIC_SetPriority)
    i.PendSV_Handler                         0x08000f08   Section        0  stm32f0xx_it.o(i.PendSV_Handler)
    i.RCC_ADCCLKConfig                       0x08000f0c   Section        0  stm32f0xx_rcc.o(i.RCC_ADCCLKConfig)
    i.RCC_AHBPeriphClockCmd                  0x08000f44   Section        0  stm32f0xx_rcc.o(i.RCC_AHBPeriphClockCmd)
    i.RCC_AHBPeriphResetCmd                  0x08000f64   Section        0  stm32f0xx_rcc.o(i.RCC_AHBPeriphResetCmd)
    i.RCC_APB1PeriphClockCmd                 0x08000f84   Section        0  stm32f0xx_rcc.o(i.RCC_APB1PeriphClockCmd)
    i.RCC_APB2PeriphClockCmd                 0x08000fa4   Section        0  stm32f0xx_rcc.o(i.RCC_APB2PeriphClockCmd)
    i.RCC_Config                             0x08000fc4   Section        0  main.o(i.RCC_Config)
    i.RCC_DeInit                             0x08001044   Section        0  stm32f0xx_rcc.o(i.RCC_DeInit)
    i.RCC_GetClocksFreq                      0x080010bc   Section        0  stm32f0xx_rcc.o(i.RCC_GetClocksFreq)
    i.RCC_GetFlagStatus                      0x08001304   Section        0  stm32f0xx_rcc.o(i.RCC_GetFlagStatus)
    i.RCC_GetSYSCLKSource                    0x0800134c   Section        0  stm32f0xx_rcc.o(i.RCC_GetSYSCLKSource)
    i.RCC_HCLKConfig                         0x0800135c   Section        0  stm32f0xx_rcc.o(i.RCC_HCLKConfig)
    i.RCC_HSEConfig                          0x0800137c   Section        0  stm32f0xx_rcc.o(i.RCC_HSEConfig)
    i.RCC_PCLKConfig                         0x0800138c   Section        0  stm32f0xx_rcc.o(i.RCC_PCLKConfig)
    i.RCC_PLLCmd                             0x080013b0   Section        0  stm32f0xx_rcc.o(i.RCC_PLLCmd)
    i.RCC_PLLConfig                          0x080013d8   Section        0  stm32f0xx_rcc.o(i.RCC_PLLConfig)
    i.RCC_SYSCLKConfig                       0x080013fc   Section        0  stm32f0xx_rcc.o(i.RCC_SYSCLKConfig)
    i.RCC_WaitForHSEStartUp                  0x08001418   Section        0  stm32f0xx_rcc.o(i.RCC_WaitForHSEStartUp)
    i.SPI_Cmd                                0x08001454   Section        0  stm32f0xx_spi.o(i.SPI_Cmd)
    i.SPI_Config                             0x08001470   Section        0  main.o(i.SPI_Config)
    i.SPI_I2S_GetFlagStatus                  0x080014c0   Section        0  stm32f0xx_spi.o(i.SPI_I2S_GetFlagStatus)
    i.SPI_Init                               0x080014d4   Section        0  stm32f0xx_spi.o(i.SPI_Init)
    i.SPI_ReceiveData8                       0x0800152c   Section        0  stm32f0xx_spi.o(i.SPI_ReceiveData8)
    i.SPI_RxFIFOThresholdConfig              0x08001538   Section        0  stm32f0xx_spi.o(i.SPI_RxFIFOThresholdConfig)
    i.SPI_SendData8                          0x0800154c   Section        0  stm32f0xx_spi.o(i.SPI_SendData8)
    i.SVC_Handler                            0x08001556   Section        0  stm32f0xx_it.o(i.SVC_Handler)
    i.SYSCFG_EXTILineConfig                  0x08001558   Section        0  stm32f0xx_syscfg.o(i.SYSCFG_EXTILineConfig)
    i.SetSysClock                            0x08001598   Section        0  system_stm32f0xx.o(i.SetSysClock)
    SetSysClock                              0x08001599   Thumb Code   206  system_stm32f0xx.o(i.SetSysClock)
    i.SysTick_Handler                        0x08001670   Section        0  stm32f0xx_it.o(i.SysTick_Handler)
    i.SystemInit                             0x080016bc   Section        0  system_stm32f0xx.o(i.SystemInit)
    i.TIM16_IRQHandler                       0x08001738   Section        0  stm32f0xx_it.o(i.TIM16_IRQHandler)
    i.TIM17_IRQHandler                       0x08001754   Section        0  stm32f0xx_it.o(i.TIM17_IRQHandler)
    i.TIM_ClearITPendingBit                  0x08001784   Section        0  stm32f0xx_tim.o(i.TIM_ClearITPendingBit)
    i.TIM_Cmd                                0x0800178c   Section        0  stm32f0xx_tim.o(i.TIM_Cmd)
    i.TIM_GetITStatus                        0x080017a8   Section        0  stm32f0xx_tim.o(i.TIM_GetITStatus)
    i.TIM_ITConfig                           0x080017ce   Section        0  stm32f0xx_tim.o(i.TIM_ITConfig)
    i.TIM_TimeBaseInit                       0x080017e4   Section        0  stm32f0xx_tim.o(i.TIM_TimeBaseInit)
    i.Tim16_Config                           0x08001860   Section        0  main.o(i.Tim16_Config)
    i.Tim17_Config                           0x080018a0   Section        0  main.o(i.Tim17_Config)
    i.USART1_IRQHandler                      0x080018d8   Section        0  stm32f0xx_it.o(i.USART1_IRQHandler)
    i.USART_ClearITPendingBit                0x0800198c   Section        0  stm32f0xx_usart.o(i.USART_ClearITPendingBit)
    i.USART_Cmd                              0x0800199e   Section        0  stm32f0xx_usart.o(i.USART_Cmd)
    i.USART_Config                           0x080019b8   Section        0  main.o(i.USART_Config)
    i.USART_GetFlagStatus                    0x08001a04   Section        0  stm32f0xx_usart.o(i.USART_GetFlagStatus)
    i.USART_GetITStatus                      0x08001a18   Section        0  stm32f0xx_usart.o(i.USART_GetITStatus)
    i.USART_ITConfig                         0x08001a66   Section        0  stm32f0xx_usart.o(i.USART_ITConfig)
    i.USART_Init                             0x08001aa8   Section        0  stm32f0xx_usart.o(i.USART_Init)
    i.USART_ReceiveData                      0x08001ba0   Section        0  stm32f0xx_usart.o(i.USART_ReceiveData)
    i.USART_SendData                         0x08001baa   Section        0  stm32f0xx_usart.o(i.USART_SendData)
    i.USART_SendStr                          0x08001bb4   Section        0  utils.o(i.USART_SendStr)
    i.__ARM_common_switch8                   0x08001c1c   Section        0  nrf24.o(i.__ARM_common_switch8)
    i.main                                   0x08001c38   Section        0  main.o(i.main)
    .constdata                               0x08002000   Section       13  nrf24.o(.constdata)
    NRF24_RX_PW_PIPE                         0x08002000   Data           6  nrf24.o(.constdata)
    NRF24_ADDR_REGS                          0x08002006   Data           7  nrf24.o(.constdata)
    .constdata                               0x0800200d   Section       18  main.o(.constdata)
    NRF24_RX_PW_PIPE                         0x0800200d   Data           6  main.o(.constdata)
    NRF24_ADDR_REGS                          0x08002013   Data           7  main.o(.constdata)
    NRF24_ADDR                               0x0800201a   Data           5  main.o(.constdata)
    .data                                    0x20000000   Section       48  main.o(.data)
    .data                                    0x20000030   Section       26  stm32f0xx_it.o(.data)
    .data                                    0x2000004c   Section       20  system_stm32f0xx.o(.data)
    .data                                    0x20000060   Section       16  stm32f0xx_rcc.o(.data)
    APBAHBPrescTable                         0x20000060   Data          16  stm32f0xx_rcc.o(.data)
    .data                                    0x20000070   Section        2  utils.o(.data)
    .bss                                     0x20000074   Section       94  main.o(.bss)
    .bss                                     0x200000d2   Section       32  stm32f0xx_it.o(.bss)
    .bss                                     0x200000f4   Section       96  libspace.o(.bss)
    HEAP                                     0x20000158   Section      512  startup_stm32f030.o(HEAP)
    Heap_Mem                                 0x20000158   Data         512  startup_stm32f030.o(HEAP)
    STACK                                    0x20000358   Section     1024  startup_stm32f030.o(STACK)
    Stack_Mem                                0x20000358   Data        1024  startup_stm32f030.o(STACK)
    __initial_sp                             0x20000758   Data           0  startup_stm32f030.o(STACK)

    Global Symbols

    Symbol Name                              Value     Ov Type        Size  Object(Section)

    BuildAttributes$$THM_ISAv3M$S$PE$A:L22$X:L11$S22$IEEE1$IW$USESV6$~STKCKD$USESV7$~SHL$OSPACE$ROPI$EBA8$UX$STANDARDLIB$REQ8$PRES8$EABIv2 0x00000000   Number         0  anon$$obj.o ABSOLUTE
    __ARM_use_no_argv                        0x00000000   Number         0  main.o ABSOLUTE
    __ARM_exceptions_init                     - Undefined Weak Reference
    __alloca_initialize                       - Undefined Weak Reference
    __arm_preinit_                            - Undefined Weak Reference
    __cpp_initialize__aeabi_                  - Undefined Weak Reference
    __cxa_finalize                            - Undefined Weak Reference
    __rt_locale                               - Undefined Weak Reference
    __sigvec_lookup                           - Undefined Weak Reference
    _atexit_init                              - Undefined Weak Reference
    _call_atexit_fns                          - Undefined Weak Reference
    _clock_init                               - Undefined Weak Reference
    _fp_trap_init                             - Undefined Weak Reference
    _fp_trap_shutdown                         - Undefined Weak Reference
    _get_lc_collate                           - Undefined Weak Reference
    _get_lc_ctype                             - Undefined Weak Reference
    _get_lc_monetary                          - Undefined Weak Reference
    _get_lc_numeric                           - Undefined Weak Reference
    _get_lc_time                              - Undefined Weak Reference
    _getenv_init                              - Undefined Weak Reference
    _handle_redirection                       - Undefined Weak Reference
    _init_alloc                               - Undefined Weak Reference
    _init_user_alloc                          - Undefined Weak Reference
    _initio                                   - Undefined Weak Reference
    _rand_init                                - Undefined Weak Reference
    _signal_finish                            - Undefined Weak Reference
    _signal_init                              - Undefined Weak Reference
    _terminate_alloc                          - Undefined Weak Reference
    _terminate_user_alloc                     - Undefined Weak Reference
    _terminateio                              - Undefined Weak Reference
    __Vectors_Size                           0x000000b4   Number         0  startup_stm32f030.o ABSOLUTE
    __Vectors                                0x08000000   Data           4  startup_stm32f030.o(RESET)
    __Vectors_End                            0x080000b4   Data           0  startup_stm32f030.o(RESET)
    __main                                   0x080000b5   Thumb Code     8  __main.o(!!!main)
    __scatterload                            0x080000bd   Thumb Code     0  __scatter.o(!!!scatter)
    __scatterload_rt2                        0x080000bd   Thumb Code    52  __scatter.o(!!!scatter)
    __scatterload_rt2_thumb_only             0x080000bd   Thumb Code     0  __scatter.o(!!!scatter)
    __scatterload_null                       0x080000cd   Thumb Code     0  __scatter.o(!!!scatter)
    __scatterload_copy                       0x080000f9   Thumb Code    26  __scatter_copy.o(!!handler_copy)
    __scatterload_zeroinit                   0x08000115   Thumb Code    28  __scatter_zi.o(!!handler_zi)
    __rt_lib_init                            0x08000131   Thumb Code     0  libinit.o(.ARM.Collect$$libinit$$00000000)
    __rt_lib_init_alloca_1                   0x08000133   Thumb Code     0  libinit2.o(.ARM.Collect$$libinit$$0000002E)
    __rt_lib_init_argv_1                     0x08000133   Thumb Code     0  libinit2.o(.ARM.Collect$$libinit$$0000002C)
    __rt_lib_init_atexit_1                   0x08000133   Thumb Code     0  libinit2.o(.ARM.Collect$$libinit$$0000001B)
    __rt_lib_init_clock_1                    0x08000133   Thumb Code     0  libinit2.o(.ARM.Collect$$libinit$$00000021)
    __rt_lib_init_cpp_1                      0x08000133   Thumb Code     0  libinit2.o(.ARM.Collect$$libinit$$00000032)
    __rt_lib_init_exceptions_1               0x08000133   Thumb Code     0  libinit2.o(.ARM.Collect$$libinit$$00000030)
    __rt_lib_init_fp_1                       0x08000133   Thumb Code     0  libinit2.o(.ARM.Collect$$libinit$$00000002)
    __rt_lib_init_fp_trap_1                  0x08000133   Thumb Code     0  libinit2.o(.ARM.Collect$$libinit$$0000001F)
    __rt_lib_init_getenv_1                   0x08000133   Thumb Code     0  libinit2.o(.ARM.Collect$$libinit$$00000023)
    __rt_lib_init_heap_1                     0x08000133   Thumb Code     0  libinit2.o(.ARM.Collect$$libinit$$0000000A)
    __rt_lib_init_lc_collate_1               0x08000133   Thumb Code     0  libinit2.o(.ARM.Collect$$libinit$$00000011)
    __rt_lib_init_lc_ctype_1                 0x08000133   Thumb Code     0  libinit2.o(.ARM.Collect$$libinit$$00000013)
    __rt_lib_init_lc_monetary_1              0x08000133   Thumb Code     0  libinit2.o(.ARM.Collect$$libinit$$00000015)
    __rt_lib_init_lc_numeric_1               0x08000133   Thumb Code     0  libinit2.o(.ARM.Collect$$libinit$$00000017)
    __rt_lib_init_lc_time_1                  0x08000133   Thumb Code     0  libinit2.o(.ARM.Collect$$libinit$$00000019)
    __rt_lib_init_preinit_1                  0x08000133   Thumb Code     0  libinit2.o(.ARM.Collect$$libinit$$00000004)
    __rt_lib_init_rand_1                     0x08000133   Thumb Code     0  libinit2.o(.ARM.Collect$$libinit$$0000000E)
    __rt_lib_init_return                     0x08000133   Thumb Code     0  libinit2.o(.ARM.Collect$$libinit$$00000033)
    __rt_lib_init_signal_1                   0x08000133   Thumb Code     0  libinit2.o(.ARM.Collect$$libinit$$0000001D)
    __rt_lib_init_stdio_1                    0x08000133   Thumb Code     0  libinit2.o(.ARM.Collect$$libinit$$00000025)
    __rt_lib_init_user_alloc_1               0x08000133   Thumb Code     0  libinit2.o(.ARM.Collect$$libinit$$0000000C)
    __rt_lib_shutdown                        0x08000135   Thumb Code     0  libshutdown.o(.ARM.Collect$$libshutdown$$00000000)
    __rt_lib_shutdown_fp_trap_1              0x08000137   Thumb Code     0  libshutdown2.o(.ARM.Collect$$libshutdown$$00000006)
    __rt_lib_shutdown_heap_1                 0x08000137   Thumb Code     0  libshutdown2.o(.ARM.Collect$$libshutdown$$0000000E)
    __rt_lib_shutdown_return                 0x08000137   Thumb Code     0  libshutdown2.o(.ARM.Collect$$libshutdown$$0000000F)
    __rt_lib_shutdown_signal_1               0x08000137   Thumb Code     0  libshutdown2.o(.ARM.Collect$$libshutdown$$00000009)
    __rt_lib_shutdown_stdio_1                0x08000137   Thumb Code     0  libshutdown2.o(.ARM.Collect$$libshutdown$$00000003)
    __rt_lib_shutdown_user_alloc_1           0x08000137   Thumb Code     0  libshutdown2.o(.ARM.Collect$$libshutdown$$0000000B)
    __rt_entry                               0x08000139   Thumb Code     0  __rtentry.o(.ARM.Collect$$rtentry$$00000000)
    __rt_entry_presh_1                       0x08000139   Thumb Code     0  __rtentry2.o(.ARM.Collect$$rtentry$$00000002)
    __rt_entry_sh                            0x08000139   Thumb Code     0  __rtentry4.o(.ARM.Collect$$rtentry$$00000004)
    __rt_entry_li                            0x0800013f   Thumb Code     0  __rtentry2.o(.ARM.Collect$$rtentry$$0000000A)
    __rt_entry_postsh_1                      0x0800013f   Thumb Code     0  __rtentry2.o(.ARM.Collect$$rtentry$$00000009)
    __rt_entry_main                          0x08000143   Thumb Code     0  __rtentry2.o(.ARM.Collect$$rtentry$$0000000D)
    __rt_entry_postli_1                      0x08000143   Thumb Code     0  __rtentry2.o(.ARM.Collect$$rtentry$$0000000C)
    __rt_exit                                0x0800014b   Thumb Code     0  rtexit.o(.ARM.Collect$$rtexit$$00000000)
    __rt_exit_ls                             0x0800014d   Thumb Code     0  rtexit2.o(.ARM.Collect$$rtexit$$00000003)
    __rt_exit_prels_1                        0x0800014d   Thumb Code     0  rtexit2.o(.ARM.Collect$$rtexit$$00000002)
    __rt_exit_exit                           0x08000151   Thumb Code     0  rtexit2.o(.ARM.Collect$$rtexit$$00000004)
    Reset_Handler                            0x08000159   Thumb Code    38  startup_stm32f030.o(.text)
    ADC1_IRQHandler                          0x08000189   Thumb Code     0  startup_stm32f030.o(.text)
    DMA1_Channel1_IRQHandler                 0x08000189   Thumb Code     0  startup_stm32f030.o(.text)
    DMA1_Channel2_3_IRQHandler               0x08000189   Thumb Code     0  startup_stm32f030.o(.text)
    DMA1_Channel4_5_IRQHandler               0x08000189   Thumb Code     0  startup_stm32f030.o(.text)
    EXTI2_3_IRQHandler                       0x08000189   Thumb Code     0  startup_stm32f030.o(.text)
    FLASH_IRQHandler                         0x08000189   Thumb Code     0  startup_stm32f030.o(.text)
    I2C1_IRQHandler                          0x08000189   Thumb Code     0  startup_stm32f030.o(.text)
    I2C2_IRQHandler                          0x08000189   Thumb Code     0  startup_stm32f030.o(.text)
    RCC_IRQHandler                           0x08000189   Thumb Code     0  startup_stm32f030.o(.text)
    RTC_IRQHandler                           0x08000189   Thumb Code     0  startup_stm32f030.o(.text)
    SPI1_IRQHandler                          0x08000189   Thumb Code     0  startup_stm32f030.o(.text)
    SPI2_IRQHandler                          0x08000189   Thumb Code     0  startup_stm32f030.o(.text)
    TIM14_IRQHandler                         0x08000189   Thumb Code     0  startup_stm32f030.o(.text)
    TIM15_IRQHandler                         0x08000189   Thumb Code     0  startup_stm32f030.o(.text)
    TIM1_BRK_UP_TRG_COM_IRQHandler           0x08000189   Thumb Code     0  startup_stm32f030.o(.text)
    TIM1_CC_IRQHandler                       0x08000189   Thumb Code     0  startup_stm32f030.o(.text)
    TIM3_IRQHandler                          0x08000189   Thumb Code     0  startup_stm32f030.o(.text)
    USART2_IRQHandler                        0x08000189   Thumb Code     0  startup_stm32f030.o(.text)
    WWDG_IRQHandler                          0x08000189   Thumb Code     0  startup_stm32f030.o(.text)
    __user_initial_stackheap                 0x0800018d   Thumb Code     0  startup_stm32f030.o(.text)
    strlen                                   0x080001cd   Thumb Code    62  strlen.o(.text)
    __aeabi_uidiv                            0x08000211   Thumb Code     0  aeabi_sdiv.o(.text)
    __aeabi_uidivmod                         0x08000211   Thumb Code    20  aeabi_sdiv.o(.text)
    __aeabi_idiv                             0x08000225   Thumb Code     0  aeabi_sdiv.o(.text)
    __aeabi_idivmod                          0x08000225   Thumb Code   326  aeabi_sdiv.o(.text)
    __use_two_region_memory                  0x0800036b   Thumb Code     2  heapauxi.o(.text)
    __rt_heap_escrow$2region                 0x0800036d   Thumb Code     2  heapauxi.o(.text)
    __rt_heap_expand$2region                 0x0800036f   Thumb Code     2  heapauxi.o(.text)
    __user_setup_stackheap                   0x08000371   Thumb Code    62  sys_stackheap_outer.o(.text)
    exit                                     0x080003af   Thumb Code    12  exit.o(.text)
    __user_libspace                          0x080003bd   Thumb Code     8  libspace.o(.text)
    __user_perproc_libspace                  0x080003bd   Thumb Code     0  libspace.o(.text)
    __user_perthread_libspace                0x080003bd   Thumb Code     0  libspace.o(.text)
    _sys_exit                                0x080003c5   Thumb Code     8  sys_exit.o(.text)
    __I$use$semihosting                      0x080003d1   Thumb Code     0  use_no_semi.o(.text)
    __use_no_semihosting_swi                 0x080003d1   Thumb Code     2  use_no_semi.o(.text)
    __semihosting_library_function           0x080003d3   Thumb Code     0  indicate_semi.o(.text)
    EXTI0_1_IRQHandler                       0x080003d5   Thumb Code   130  stm32f0xx_it.o(i.EXTI0_1_IRQHandler)
    EXTI0_Config                             0x08000471   Thumb Code   138  main.o(i.EXTI0_Config)
    EXTI4_15_IRQHandler                      0x0800050d   Thumb Code    86  stm32f0xx_it.o(i.EXTI4_15_IRQHandler)
    EXTI_ClearITPendingBit                   0x0800057d   Thumb Code     6  stm32f0xx_exti.o(i.EXTI_ClearITPendingBit)
    EXTI_GetITStatus                         0x08000589   Thumb Code    22  stm32f0xx_exti.o(i.EXTI_GetITStatus)
    EXTI_Init                                0x080005a5   Thumb Code   132  stm32f0xx_exti.o(i.EXTI_Init)
    GPIO_Config                              0x0800062d   Thumb Code   246  main.o(i.GPIO_Config)
    GPIO_DeInit                              0x0800072d   Thumb Code   156  stm32f0xx_gpio.o(i.GPIO_DeInit)
    GPIO_Init                                0x080007dd   Thumb Code   144  stm32f0xx_gpio.o(i.GPIO_Init)
    GPIO_PinAFConfig                         0x0800086d   Thumb Code    68  stm32f0xx_gpio.o(i.GPIO_PinAFConfig)
    GPIO_ReadOutputDataBit                   0x080008b1   Thumb Code    20  stm32f0xx_gpio.o(i.GPIO_ReadOutputDataBit)
    GPIO_ResetBits                           0x080008c5   Thumb Code     4  stm32f0xx_gpio.o(i.GPIO_ResetBits)
    GPIO_SetBits                             0x080008c9   Thumb Code     4  stm32f0xx_gpio.o(i.GPIO_SetBits)
    GPIO_WriteBit                            0x080008cd   Thumb Code    12  stm32f0xx_gpio.o(i.GPIO_WriteBit)
    HardFault_Handler                        0x080008d9   Thumb Code     4  stm32f0xx_it.o(i.HardFault_Handler)
    NMI_Handler                              0x080008dd   Thumb Code     2  stm32f0xx_it.o(i.NMI_Handler)
    NRF24_Check                              0x080008e1   Thumb Code    56  nrf24.o(i.NRF24_Check)
    NRF24_ClearIRQFlags                      0x08000921   Thumb Code    28  nrf24.o(i.NRF24_ClearIRQFlags)
    NRF24_EnableAA                           0x0800093d   Thumb Code    30  nrf24.o(i.NRF24_EnableAA)
    NRF24_FlushRX                            0x0800095b   Thumb Code    12  nrf24.o(i.NRF24_FlushRX)
    NRF24_FlushTX                            0x08000967   Thumb Code    12  nrf24.o(i.NRF24_FlushTX)
    NRF24_GetStatus                          0x08000973   Thumb Code    10  nrf24.o(i.NRF24_GetStatus)
    NRF24_GetStatus_RXFIFO                   0x0800097d   Thumb Code    14  nrf24.o(i.NRF24_GetStatus_RXFIFO)
    NRF24_Init                               0x0800098b   Thumb Code   182  nrf24.o(i.NRF24_Init)
    NRF24_ReadPayload                        0x08000a41   Thumb Code    60  nrf24.o(i.NRF24_ReadPayload)
    NRF24_SetAckPay                          0x08000a81   Thumb Code    32  nrf24.o(i.NRF24_SetAckPay)
    NRF24_SetActivateDPL                     0x08000aa1   Thumb Code    12  nrf24.o(i.NRF24_SetActivateDPL)
    NRF24_SetAddr                            0x08000aad   Thumb Code   124  nrf24.o(i.NRF24_SetAddr)
    NRF24_SetAddrWidth                       0x08000b2d   Thumb Code    16  nrf24.o(i.NRF24_SetAddrWidth)
    NRF24_SetCRCScheme                       0x08000b3d   Thumb Code    36  nrf24.o(i.NRF24_SetCRCScheme)
    NRF24_SetDPL                             0x08000b61   Thumb Code    32  nrf24.o(i.NRF24_SetDPL)
    NRF24_SetDataRate                        0x08000b81   Thumb Code    36  nrf24.o(i.NRF24_SetDataRate)
    NRF24_SetDplPipe                         0x08000ba5   Thumb Code    42  nrf24.o(i.NRF24_SetDplPipe)
    NRF24_SetOperationalMode                 0x08000bcf   Thumb Code    32  nrf24.o(i.NRF24_SetOperationalMode)
    NRF24_SetPowerMode                       0x08000bef   Thumb Code    40  nrf24.o(i.NRF24_SetPowerMode)
    NRF24_SetRFChannel                       0x08000c17   Thumb Code    14  nrf24.o(i.NRF24_SetRFChannel)
    NRF24_SetRXPipe                          0x08000c25   Thumb Code    92  nrf24.o(i.NRF24_SetRXPipe)
    NRF24_SetTXPower                         0x08000c85   Thumb Code    36  nrf24.o(i.NRF24_SetTXPower)
    NRF24_WriteAckPayload                    0x08000ca9   Thumb Code    18  nrf24.o(i.NRF24_WriteAckPayload)
    NRF24_readBuf                            0x08000cbb   Thumb Code    60  nrf24.o(i.NRF24_readBuf)
    NRF24_readReg                            0x08000cf7   Thumb Code    42  nrf24.o(i.NRF24_readReg)
    NRF24_readWrite                          0x08000d21   Thumb Code    48  nrf24.o(i.NRF24_readWrite)
    NRF24_readWriteReg                       0x08000d55   Thumb Code    74  nrf24.o(i.NRF24_readWriteReg)
    NRF24_writeBuf                           0x08000d9f   Thumb Code    60  nrf24.o(i.NRF24_writeBuf)
    NVIC_Config                              0x08000ddd   Thumb Code    64  main.o(i.NVIC_Config)
    NVIC_Init                                0x08000e21   Thumb Code   106  stm32f0xx_misc.o(i.NVIC_Init)
    PendSV_Handler                           0x08000f09   Thumb Code     2  stm32f0xx_it.o(i.PendSV_Handler)
    RCC_ADCCLKConfig                         0x08000f0d   Thumb Code    52  stm32f0xx_rcc.o(i.RCC_ADCCLKConfig)
    RCC_AHBPeriphClockCmd                    0x08000f45   Thumb Code    28  stm32f0xx_rcc.o(i.RCC_AHBPeriphClockCmd)
    RCC_AHBPeriphResetCmd                    0x08000f65   Thumb Code    28  stm32f0xx_rcc.o(i.RCC_AHBPeriphResetCmd)
    RCC_APB1PeriphClockCmd                   0x08000f85   Thumb Code    28  stm32f0xx_rcc.o(i.RCC_APB1PeriphClockCmd)
    RCC_APB2PeriphClockCmd                   0x08000fa5   Thumb Code    28  stm32f0xx_rcc.o(i.RCC_APB2PeriphClockCmd)
    RCC_Config                               0x08000fc5   Thumb Code   118  main.o(i.RCC_Config)
    RCC_DeInit                               0x08001045   Thumb Code   102  stm32f0xx_rcc.o(i.RCC_DeInit)
    RCC_GetClocksFreq                        0x080010bd   Thumb Code   554  stm32f0xx_rcc.o(i.RCC_GetClocksFreq)
    RCC_GetFlagStatus                        0x08001305   Thumb Code    68  stm32f0xx_rcc.o(i.RCC_GetFlagStatus)
    RCC_GetSYSCLKSource                      0x0800134d   Thumb Code    10  stm32f0xx_rcc.o(i.RCC_GetSYSCLKSource)
    RCC_HCLKConfig                           0x0800135d   Thumb Code    28  stm32f0xx_rcc.o(i.RCC_HCLKConfig)
    RCC_HSEConfig                            0x0800137d   Thumb Code    12  stm32f0xx_rcc.o(i.RCC_HSEConfig)
    RCC_PCLKConfig                           0x0800138d   Thumb Code    30  stm32f0xx_rcc.o(i.RCC_PCLKConfig)
    RCC_PLLCmd                               0x080013b1   Thumb Code    36  stm32f0xx_rcc.o(i.RCC_PLLCmd)
    RCC_PLLConfig                            0x080013d9   Thumb Code    30  stm32f0xx_rcc.o(i.RCC_PLLConfig)
    RCC_SYSCLKConfig                         0x080013fd   Thumb Code    24  stm32f0xx_rcc.o(i.RCC_SYSCLKConfig)
    RCC_WaitForHSEStartUp                    0x08001419   Thumb Code    60  stm32f0xx_rcc.o(i.RCC_WaitForHSEStartUp)
    SPI_Cmd                                  0x08001455   Thumb Code    24  stm32f0xx_spi.o(i.SPI_Cmd)
    SPI_Config                               0x08001471   Thumb Code    70  main.o(i.SPI_Config)
    SPI_I2S_GetFlagStatus                    0x080014c1   Thumb Code    20  stm32f0xx_spi.o(i.SPI_I2S_GetFlagStatus)
    SPI_Init                                 0x080014d5   Thumb Code    76  stm32f0xx_spi.o(i.SPI_Init)
    SPI_ReceiveData8                         0x0800152d   Thumb Code    12  stm32f0xx_spi.o(i.SPI_ReceiveData8)
    SPI_RxFIFOThresholdConfig                0x08001539   Thumb Code    16  stm32f0xx_spi.o(i.SPI_RxFIFOThresholdConfig)
    SPI_SendData8                            0x0800154d   Thumb Code    10  stm32f0xx_spi.o(i.SPI_SendData8)
    SVC_Handler                              0x08001557   Thumb Code     2  stm32f0xx_it.o(i.SVC_Handler)
    SYSCFG_EXTILineConfig                    0x08001559   Thumb Code    60  stm32f0xx_syscfg.o(i.SYSCFG_EXTILineConfig)
    SysTick_Handler                          0x08001671   Thumb Code    62  stm32f0xx_it.o(i.SysTick_Handler)
    SystemInit                               0x080016bd   Thumb Code   110  system_stm32f0xx.o(i.SystemInit)
    TIM16_IRQHandler                         0x08001739   Thumb Code    24  stm32f0xx_it.o(i.TIM16_IRQHandler)
    TIM17_IRQHandler                         0x08001755   Thumb Code    38  stm32f0xx_it.o(i.TIM17_IRQHandler)
    TIM_ClearITPendingBit                    0x08001785   Thumb Code     6  stm32f0xx_tim.o(i.TIM_ClearITPendingBit)
    TIM_Cmd                                  0x0800178d   Thumb Code    24  stm32f0xx_tim.o(i.TIM_Cmd)
    TIM_GetITStatus                          0x080017a9   Thumb Code    38  stm32f0xx_tim.o(i.TIM_GetITStatus)
    TIM_ITConfig                             0x080017cf   Thumb Code    20  stm32f0xx_tim.o(i.TIM_ITConfig)
    TIM_TimeBaseInit                         0x080017e5   Thumb Code    90  stm32f0xx_tim.o(i.TIM_TimeBaseInit)
    Tim16_Config                             0x08001861   Thumb Code    50  main.o(i.Tim16_Config)
    Tim17_Config                             0x080018a1   Thumb Code    44  main.o(i.Tim17_Config)
    USART1_IRQHandler                        0x080018d9   Thumb Code   144  stm32f0xx_it.o(i.USART1_IRQHandler)
    USART_ClearITPendingBit                  0x0800198d   Thumb Code    18  stm32f0xx_usart.o(i.USART_ClearITPendingBit)
    USART_Cmd                                0x0800199f   Thumb Code    24  stm32f0xx_usart.o(i.USART_Cmd)
    USART_Config                             0x080019b9   Thumb Code    60  main.o(i.USART_Config)
    USART_GetFlagStatus                      0x08001a05   Thumb Code    20  stm32f0xx_usart.o(i.USART_GetFlagStatus)
    USART_GetITStatus                        0x08001a19   Thumb Code    78  stm32f0xx_usart.o(i.USART_GetITStatus)
    USART_ITConfig                           0x08001a67   Thumb Code    66  stm32f0xx_usart.o(i.USART_ITConfig)
    USART_Init                               0x08001aa9   Thumb Code   226  stm32f0xx_usart.o(i.USART_Init)
    USART_ReceiveData                        0x08001ba1   Thumb Code    10  stm32f0xx_usart.o(i.USART_ReceiveData)
    USART_SendData                           0x08001bab   Thumb Code     8  stm32f0xx_usart.o(i.USART_SendData)
    USART_SendStr                            0x08001bb5   Thumb Code    90  utils.o(i.USART_SendStr)
    __ARM_common_switch8                     0x08001c1d   Thumb Code    28  nrf24.o(i.__ARM_common_switch8)
    main                                     0x08001c39   Thumb Code   850  main.o(i.main)
    Region$$Table$$Base                      0x08002020   Number         0  anon$$obj.o(Region$$Table)
    Region$$Table$$Limit                     0x08002040   Number         0  anon$$obj.o(Region$$Table)
    NRF24_payload                            0x20000000   Data           2  main.o(.data)
    NRF24_ack_payload                        0x20000002   Data           2  main.o(.data)
    pipe                                     0x20000004   Data           1  main.o(.data)
    timer_period                             0x20000006   Data           2  main.o(.data)
    tim17_period                             0x20000008   Data           4  main.o(.data)
    flag_tim17_update                        0x2000000c   Data           1  main.o(.data)
    channel1_pulse                           0x2000000e   Data           2  main.o(.data)
    channel2_pulse                           0x20000010   Data           2  main.o(.data)
    channel1_direction                       0x20000012   Data           1  main.o(.data)
    channel2_direction                       0x20000013   Data           1  main.o(.data)
    systick_delay_flag                       0x20000014   Data           1  main.o(.data)
    flag_irq_rx                              0x20000015   Data           1  main.o(.data)
    flag_irq_tx                              0x20000016   Data           1  main.o(.data)
    flag_irq_rt                              0x20000017   Data           1  main.o(.data)
    cnt_systick                              0x20000018   Data           2  main.o(.data)
    GPIO_InitStructure                       0x2000001c   Data           8  main.o(.data)
    EXTI_InitStructure                       0x20000024   Data           8  main.o(.data)
    NVIC_InitStructure                       0x2000002c   Data           3  main.o(.data)
    HSEStartUpStatus                         0x2000002f   Data           1  main.o(.data)
    TxBuffer                                 0x20000030   Data          21  stm32f0xx_it.o(.data)
    NbrOfDataToTransfer                      0x20000045   Data           1  stm32f0xx_it.o(.data)
    NbrOfDataToRead                          0x20000046   Data           1  stm32f0xx_it.o(.data)
    TxCount                                  0x20000047   Data           1  stm32f0xx_it.o(.data)
    RxCount                                  0x20000048   Data           2  stm32f0xx_it.o(.data)
    SystemCoreClock                          0x2000004c   Data           4  system_stm32f0xx.o(.data)
    AHBPrescTable                            0x20000050   Data          16  system_stm32f0xx.o(.data)
    tx_res                                   0x20000070   Data           1  utils.o(.data)
    payload_length                           0x20000071   Data           1  utils.o(.data)
    RCC_ClockFreq                            0x20000074   Data          40  main.o(.bss)
    TIM_TimeBaseStructure                    0x2000009c   Data          12  main.o(.bss)
    USART_InitStructure                      0x200000a8   Data          24  main.o(.bss)
    SPI_InitStructure                        0x200000c0   Data          18  main.o(.bss)
    RxBuffer                                 0x200000d2   Data          32  stm32f0xx_it.o(.bss)
    __libspace_start                         0x200000f4   Data          96  libspace.o(.bss)
    __temporary_stack_top$libspace           0x20000154   Data           0  libspace.o(.bss)



==============================================================================

Memory Map of the image

  Image Entry point : 0x080000b5

  Load Region LR_IROM1 (Base: 0x08000000, Size: 0x000020b4, Max: 0x00004000, ABSOLUTE)

    Execution Region ER_IROM1 (Base: 0x08000000, Size: 0x00002040, Max: 0x00004000, ABSOLUTE)

    Base Addr    Size         Type   Attr      Idx    E Section Name        Object

    0x08000000   0x000000b4   Data   RO         2164    RESET               startup_stm32f030.o
    0x080000b4   0x00000008   Code   RO         2222  * !!!main             c_p.l(__main.o)
    0x080000bc   0x0000003c   Code   RO         2390    !!!scatter          c_p.l(__scatter.o)
    0x080000f8   0x0000001a   Code   RO         2392    !!handler_copy      c_p.l(__scatter_copy.o)
    0x08000112   0x00000002   PAD
    0x08000114   0x0000001c   Code   RO         2394    !!handler_zi        c_p.l(__scatter_zi.o)
    0x08000130   0x00000002   Code   RO         2260    .ARM.Collect$$libinit$$00000000  c_p.l(libinit.o)
    0x08000132   0x00000000   Code   RO         2274    .ARM.Collect$$libinit$$00000002  c_p.l(libinit2.o)
    0x08000132   0x00000000   Code   RO         2276    .ARM.Collect$$libinit$$00000004  c_p.l(libinit2.o)
    0x08000132   0x00000000   Code   RO         2279    .ARM.Collect$$libinit$$0000000A  c_p.l(libinit2.o)
    0x08000132   0x00000000   Code   RO         2281    .ARM.Collect$$libinit$$0000000C  c_p.l(libinit2.o)
    0x08000132   0x00000000   Code   RO         2283    .ARM.Collect$$libinit$$0000000E  c_p.l(libinit2.o)
    0x08000132   0x00000000   Code   RO         2286    .ARM.Collect$$libinit$$00000011  c_p.l(libinit2.o)
    0x08000132   0x00000000   Code   RO         2288    .ARM.Collect$$libinit$$00000013  c_p.l(libinit2.o)
    0x08000132   0x00000000   Code   RO         2290    .ARM.Collect$$libinit$$00000015  c_p.l(libinit2.o)
    0x08000132   0x00000000   Code   RO         2292    .ARM.Collect$$libinit$$00000017  c_p.l(libinit2.o)
    0x08000132   0x00000000   Code   RO         2294    .ARM.Collect$$libinit$$00000019  c_p.l(libinit2.o)
    0x08000132   0x00000000   Code   RO         2296    .ARM.Collect$$libinit$$0000001B  c_p.l(libinit2.o)
    0x08000132   0x00000000   Code   RO         2298    .ARM.Collect$$libinit$$0000001D  c_p.l(libinit2.o)
    0x08000132   0x00000000   Code   RO         2300    .ARM.Collect$$libinit$$0000001F  c_p.l(libinit2.o)
    0x08000132   0x00000000   Code   RO         2302    .ARM.Collect$$libinit$$00000021  c_p.l(libinit2.o)
    0x08000132   0x00000000   Code   RO         2304    .ARM.Collect$$libinit$$00000023  c_p.l(libinit2.o)
    0x08000132   0x00000000   Code   RO         2306    .ARM.Collect$$libinit$$00000025  c_p.l(libinit2.o)
    0x08000132   0x00000000   Code   RO         2310    .ARM.Collect$$libinit$$0000002C  c_p.l(libinit2.o)
    0x08000132   0x00000000   Code   RO         2312    .ARM.Collect$$libinit$$0000002E  c_p.l(libinit2.o)
    0x08000132   0x00000000   Code   RO         2314    .ARM.Collect$$libinit$$00000030  c_p.l(libinit2.o)
    0x08000132   0x00000000   Code   RO         2316    .ARM.Collect$$libinit$$00000032  c_p.l(libinit2.o)
    0x08000132   0x00000002   Code   RO         2317    .ARM.Collect$$libinit$$00000033  c_p.l(libinit2.o)
    0x08000134   0x00000002   Code   RO         2348    .ARM.Collect$$libshutdown$$00000000  c_p.l(libshutdown.o)
    0x08000136   0x00000000   Code   RO         2375    .ARM.Collect$$libshutdown$$00000003  c_p.l(libshutdown2.o)
    0x08000136   0x00000000   Code   RO         2378    .ARM.Collect$$libshutdown$$00000006  c_p.l(libshutdown2.o)
    0x08000136   0x00000000   Code   RO         2381    .ARM.Collect$$libshutdown$$00000009  c_p.l(libshutdown2.o)
    0x08000136   0x00000000   Code   RO         2383    .ARM.Collect$$libshutdown$$0000000B  c_p.l(libshutdown2.o)
    0x08000136   0x00000000   Code   RO         2386    .ARM.Collect$$libshutdown$$0000000E  c_p.l(libshutdown2.o)
    0x08000136   0x00000002   Code   RO         2387    .ARM.Collect$$libshutdown$$0000000F  c_p.l(libshutdown2.o)
    0x08000138   0x00000000   Code   RO         2224    .ARM.Collect$$rtentry$$00000000  c_p.l(__rtentry.o)
    0x08000138   0x00000000   Code   RO         2230    .ARM.Collect$$rtentry$$00000002  c_p.l(__rtentry2.o)
    0x08000138   0x00000006   Code   RO         2242    .ARM.Collect$$rtentry$$00000004  c_p.l(__rtentry4.o)
    0x0800013e   0x00000000   Code   RO         2232    .ARM.Collect$$rtentry$$00000009  c_p.l(__rtentry2.o)
    0x0800013e   0x00000004   Code   RO         2233    .ARM.Collect$$rtentry$$0000000A  c_p.l(__rtentry2.o)
    0x08000142   0x00000000   Code   RO         2235    .ARM.Collect$$rtentry$$0000000C  c_p.l(__rtentry2.o)
    0x08000142   0x00000008   Code   RO         2236    .ARM.Collect$$rtentry$$0000000D  c_p.l(__rtentry2.o)
    0x0800014a   0x00000002   Code   RO         2265    .ARM.Collect$$rtexit$$00000000  c_p.l(rtexit.o)
    0x0800014c   0x00000000   Code   RO         2321    .ARM.Collect$$rtexit$$00000002  c_p.l(rtexit2.o)
    0x0800014c   0x00000004   Code   RO         2322    .ARM.Collect$$rtexit$$00000003  c_p.l(rtexit2.o)
    0x08000150   0x00000006   Code   RO         2323    .ARM.Collect$$rtexit$$00000004  c_p.l(rtexit2.o)
    0x08000156   0x00000002   PAD
    0x08000158   0x00000074   Code   RO         2165    .text               startup_stm32f030.o
    0x080001cc   0x00000044   Code   RO         2214    .text               c_p.l(strlen.o)
    0x08000210   0x0000015a   Code   RO         2216    .text               c_p.l(aeabi_sdiv.o)
    0x0800036a   0x00000006   Code   RO         2220    .text               c_p.l(heapauxi.o)
    0x08000370   0x0000003e   Code   RO         2246    .text               c_p.l(sys_stackheap_outer.o)
    0x080003ae   0x0000000c   Code   RO         2249    .text               c_p.l(exit.o)
    0x080003ba   0x00000002   PAD
    0x080003bc   0x00000008   Code   RO         2261    .text               c_p.l(libspace.o)
    0x080003c4   0x0000000c   Code   RO         2318    .text               c_p.l(sys_exit.o)
    0x080003d0   0x00000002   Code   RO         2337    .text               c_p.l(use_no_semi.o)
    0x080003d2   0x00000000   Code   RO         2339    .text               c_p.l(indicate_semi.o)
    0x080003d2   0x00000002   PAD
    0x080003d4   0x0000009c   Code   RO          446    i.EXTI0_1_IRQHandler  stm32f0xx_it.o
    0x08000470   0x0000009c   Code   RO          355    i.EXTI0_Config      main.o
    0x0800050c   0x00000070   Code   RO          447    i.EXTI4_15_IRQHandler  stm32f0xx_it.o
    0x0800057c   0x0000000c   Code   RO          567    i.EXTI_ClearITPendingBit  stm32f0xx_exti.o
    0x08000588   0x0000001c   Code   RO          571    i.EXTI_GetITStatus  stm32f0xx_exti.o
    0x080005a4   0x00000088   Code   RO          572    i.EXTI_Init         stm32f0xx_exti.o
    0x0800062c   0x00000100   Code   RO          356    i.GPIO_Config       main.o
    0x0800072c   0x000000b0   Code   RO          628    i.GPIO_DeInit       stm32f0xx_gpio.o
    0x080007dc   0x00000090   Code   RO          629    i.GPIO_Init         stm32f0xx_gpio.o
    0x0800086c   0x00000044   Code   RO          630    i.GPIO_PinAFConfig  stm32f0xx_gpio.o
    0x080008b0   0x00000014   Code   RO          635    i.GPIO_ReadOutputDataBit  stm32f0xx_gpio.o
    0x080008c4   0x00000004   Code   RO          636    i.GPIO_ResetBits    stm32f0xx_gpio.o
    0x080008c8   0x00000004   Code   RO          637    i.GPIO_SetBits      stm32f0xx_gpio.o
    0x080008cc   0x0000000c   Code   RO          640    i.GPIO_WriteBit     stm32f0xx_gpio.o
    0x080008d8   0x00000004   Code   RO          448    i.HardFault_Handler  stm32f0xx_it.o
    0x080008dc   0x00000002   Code   RO          449    i.NMI_Handler       stm32f0xx_it.o
    0x080008de   0x00000002   PAD
    0x080008e0   0x00000040   Code   RO            3    i.NRF24_Check       nrf24.o
    0x08000920   0x0000001c   Code   RO            4    i.NRF24_ClearIRQFlags  nrf24.o
    0x0800093c   0x0000001e   Code   RO            7    i.NRF24_EnableAA    nrf24.o
    0x0800095a   0x0000000c   Code   RO            8    i.NRF24_FlushRX     nrf24.o
    0x08000966   0x0000000c   Code   RO            9    i.NRF24_FlushTX     nrf24.o
    0x08000972   0x0000000a   Code   RO           14    i.NRF24_GetStatus   nrf24.o
    0x0800097c   0x0000000e   Code   RO           15    i.NRF24_GetStatus_RXFIFO  nrf24.o
    0x0800098a   0x000000b6   Code   RO           17    i.NRF24_Init        nrf24.o
    0x08000a40   0x00000040   Code   RO           18    i.NRF24_ReadPayload  nrf24.o
    0x08000a80   0x00000020   Code   RO           20    i.NRF24_SetAckPay   nrf24.o
    0x08000aa0   0x0000000c   Code   RO           21    i.NRF24_SetActivateDPL  nrf24.o
    0x08000aac   0x00000080   Code   RO           22    i.NRF24_SetAddr     nrf24.o
    0x08000b2c   0x00000010   Code   RO           23    i.NRF24_SetAddrWidth  nrf24.o
    0x08000b3c   0x00000024   Code   RO           25    i.NRF24_SetCRCScheme  nrf24.o
    0x08000b60   0x00000020   Code   RO           26    i.NRF24_SetDPL      nrf24.o
    0x08000b80   0x00000024   Code   RO           27    i.NRF24_SetDataRate  nrf24.o
    0x08000ba4   0x0000002a   Code   RO           28    i.NRF24_SetDplPipe  nrf24.o
    0x08000bce   0x00000020   Code   RO           30    i.NRF24_SetOperationalMode  nrf24.o
    0x08000bee   0x00000028   Code   RO           31    i.NRF24_SetPowerMode  nrf24.o
    0x08000c16   0x0000000e   Code   RO           32    i.NRF24_SetRFChannel  nrf24.o
    0x08000c24   0x00000060   Code   RO           33    i.NRF24_SetRXPipe   nrf24.o
    0x08000c84   0x00000024   Code   RO           34    i.NRF24_SetTXPower  nrf24.o
    0x08000ca8   0x00000012   Code   RO           35    i.NRF24_WriteAckPayload  nrf24.o
    0x08000cba   0x0000003c   Code   RO           37    i.NRF24_readBuf     nrf24.o
    0x08000cf6   0x0000002a   Code   RO           38    i.NRF24_readReg     nrf24.o
    0x08000d20   0x00000034   Code   RO           39    i.NRF24_readWrite   nrf24.o
    0x08000d54   0x0000004a   Code   RO           40    i.NRF24_readWriteReg  nrf24.o
    0x08000d9e   0x0000003c   Code   RO           41    i.NRF24_writeBuf    nrf24.o
    0x08000dda   0x00000002   PAD
    0x08000ddc   0x00000044   Code   RO          357    i.NVIC_Config       main.o
    0x08000e20   0x00000070   Code   RO          720    i.NVIC_Init         stm32f0xx_misc.o
    0x08000e90   0x00000078   Code   RO          358    i.NVIC_SetPriority  main.o
    0x08000f08   0x00000002   Code   RO          450    i.PendSV_Handler    stm32f0xx_it.o
    0x08000f0a   0x00000002   PAD
    0x08000f0c   0x00000038   Code   RO          752    i.RCC_ADCCLKConfig  stm32f0xx_rcc.o
    0x08000f44   0x00000020   Code   RO          753    i.RCC_AHBPeriphClockCmd  stm32f0xx_rcc.o
    0x08000f64   0x00000020   Code   RO          754    i.RCC_AHBPeriphResetCmd  stm32f0xx_rcc.o
    0x08000f84   0x00000020   Code   RO          755    i.RCC_APB1PeriphClockCmd  stm32f0xx_rcc.o
    0x08000fa4   0x00000020   Code   RO          757    i.RCC_APB2PeriphClockCmd  stm32f0xx_rcc.o
    0x08000fc4   0x00000080   Code   RO          359    i.RCC_Config        main.o
    0x08001044   0x00000078   Code   RO          766    i.RCC_DeInit        stm32f0xx_rcc.o
    0x080010bc   0x00000248   Code   RO          767    i.RCC_GetClocksFreq  stm32f0xx_rcc.o
    0x08001304   0x00000048   Code   RO          768    i.RCC_GetFlagStatus  stm32f0xx_rcc.o
    0x0800134c   0x00000010   Code   RO          770    i.RCC_GetSYSCLKSource  stm32f0xx_rcc.o
    0x0800135c   0x00000020   Code   RO          771    i.RCC_HCLKConfig    stm32f0xx_rcc.o
    0x0800137c   0x00000010   Code   RO          772    i.RCC_HSEConfig     stm32f0xx_rcc.o
    0x0800138c   0x00000024   Code   RO          783    i.RCC_PCLKConfig    stm32f0xx_rcc.o
    0x080013b0   0x00000028   Code   RO          784    i.RCC_PLLCmd        stm32f0xx_rcc.o
    0x080013d8   0x00000024   Code   RO          785    i.RCC_PLLConfig     stm32f0xx_rcc.o
    0x080013fc   0x0000001c   Code   RO          789    i.RCC_SYSCLKConfig  stm32f0xx_rcc.o
    0x08001418   0x0000003c   Code   RO          792    i.RCC_WaitForHSEStartUp  stm32f0xx_rcc.o
    0x08001454   0x0000001c   Code   RO         1020    i.SPI_Cmd           stm32f0xx_spi.o
    0x08001470   0x00000050   Code   RO          360    i.SPI_Config        main.o
    0x080014c0   0x00000014   Code   RO         1029    i.SPI_I2S_GetFlagStatus  stm32f0xx_spi.o
    0x080014d4   0x00000058   Code   RO         1034    i.SPI_Init          stm32f0xx_spi.o
    0x0800152c   0x0000000c   Code   RO         1038    i.SPI_ReceiveData8  stm32f0xx_spi.o
    0x08001538   0x00000014   Code   RO         1039    i.SPI_RxFIFOThresholdConfig  stm32f0xx_spi.o
    0x0800154c   0x0000000a   Code   RO         1041    i.SPI_SendData8     stm32f0xx_spi.o
    0x08001556   0x00000002   Code   RO          451    i.SVC_Handler       stm32f0xx_it.o
    0x08001558   0x00000040   Code   RO         1218    i.SYSCFG_EXTILineConfig  stm32f0xx_syscfg.o
    0x08001598   0x000000d8   Code   RO          529    i.SetSysClock       system_stm32f0xx.o
    0x08001670   0x0000004c   Code   RO          452    i.SysTick_Handler   stm32f0xx_it.o
    0x080016bc   0x0000007c   Code   RO          531    i.SystemInit        system_stm32f0xx.o
    0x08001738   0x0000001c   Code   RO          453    i.TIM16_IRQHandler  stm32f0xx_it.o
    0x08001754   0x00000030   Code   RO          454    i.TIM17_IRQHandler  stm32f0xx_it.o
    0x08001784   0x00000006   Code   RO         1299    i.TIM_ClearITPendingBit  stm32f0xx_tim.o
    0x0800178a   0x00000002   PAD
    0x0800178c   0x0000001c   Code   RO         1304    i.TIM_Cmd           stm32f0xx_tim.o
    0x080017a8   0x00000026   Code   RO         1325    i.TIM_GetITStatus   stm32f0xx_tim.o
    0x080017ce   0x00000014   Code   RO         1329    i.TIM_ITConfig      stm32f0xx_tim.o
    0x080017e2   0x00000002   PAD
    0x080017e4   0x0000007c   Code   RO         1377    i.TIM_TimeBaseInit  stm32f0xx_tim.o
    0x08001860   0x00000040   Code   RO          361    i.Tim16_Config      main.o
    0x080018a0   0x00000038   Code   RO          362    i.Tim17_Config      main.o
    0x080018d8   0x000000b4   Code   RO          455    i.USART1_IRQHandler  stm32f0xx_it.o
    0x0800198c   0x00000012   Code   RO         1860    i.USART_ClearITPendingBit  stm32f0xx_usart.o
    0x0800199e   0x00000018   Code   RO         1863    i.USART_Cmd         stm32f0xx_usart.o
    0x080019b6   0x00000002   PAD
    0x080019b8   0x0000004c   Code   RO          363    i.USART_Config      main.o
    0x08001a04   0x00000014   Code   RO         1871    i.USART_GetFlagStatus  stm32f0xx_usart.o
    0x08001a18   0x0000004e   Code   RO         1872    i.USART_GetITStatus  stm32f0xx_usart.o
    0x08001a66   0x00000042   Code   RO         1874    i.USART_ITConfig    stm32f0xx_usart.o
    0x08001aa8   0x000000f8   Code   RO         1875    i.USART_Init        stm32f0xx_usart.o
    0x08001ba0   0x0000000a   Code   RO         1887    i.USART_ReceiveData  stm32f0xx_usart.o
    0x08001baa   0x00000008   Code   RO         1892    i.USART_SendData    stm32f0xx_usart.o
    0x08001bb2   0x00000002   PAD
    0x08001bb4   0x00000068   Code   RO         2173    i.USART_SendStr     utils.o
    0x08001c1c   0x0000001c   Code   RO          249    i.__ARM_common_switch8  nrf24.o
    0x08001c38   0x000003c8   Code   RO          364    i.main              main.o
    0x08002000   0x0000000d   Data   RO           42    .constdata          nrf24.o
    0x0800200d   0x00000012   Data   RO          366    .constdata          main.o
    0x0800201f   0x00000001   PAD
    0x08002020   0x00000020   Data   RO         2388    Region$$Table       anon$$obj.o


    Execution Region RW_IRAM1 (Base: 0x20000000, Size: 0x00000758, Max: 0x00001000, ABSOLUTE)

    Base Addr    Size         Type   Attr      Idx    E Section Name        Object

    0x20000000   0x00000030   Data   RW          367    .data               main.o
    0x20000030   0x0000001a   Data   RW          458    .data               stm32f0xx_it.o
    0x2000004a   0x00000002   PAD
    0x2000004c   0x00000014   Data   RW          532    .data               system_stm32f0xx.o
    0x20000060   0x00000010   Data   RW          793    .data               stm32f0xx_rcc.o
    0x20000070   0x00000002   Data   RW         2175    .data               utils.o
    0x20000072   0x00000002   PAD
    0x20000074   0x0000005e   Zero   RW          365    .bss                main.o
    0x200000d2   0x00000020   Zero   RW          456    .bss                stm32f0xx_it.o
    0x200000f2   0x00000002   PAD
    0x200000f4   0x00000060   Zero   RW         2262    .bss                c_p.l(libspace.o)
    0x20000154   0x00000004   PAD
    0x20000158   0x00000200   Zero   RW         2163    HEAP                startup_stm32f030.o
    0x20000358   0x00000400   Zero   RW         2162    STACK               startup_stm32f030.o


==============================================================================

Image component sizes


      Code (inc. data)   RO Data    RW Data    ZI Data      Debug   Object Name

      1972        222         18         48         94      18401   main.o
      1302         34         13          0          0     240908   nrf24.o
       116         56        180          0       1536        632   startup_stm32f030.o
       176         16          0          0          0       1840   stm32f0xx_exti.o
       428         20          0          0          0       4190   stm32f0xx_gpio.o
       610        116          0         26         32       5817   stm32f0xx_it.o
       112          6          0          0          0        800   stm32f0xx_misc.o
      1224        106          0         16          0       9222   stm32f0xx_rcc.o
       178         20          0          0          0       3564   stm32f0xx_spi.o
        64          4          0          0          0        576   stm32f0xx_syscfg.o
       216         38          0          0          0       3194   stm32f0xx_tim.o
       472         22          0          0          0       5439   stm32f0xx_usart.o
       340         24          0         20          0       1585   system_stm32f0xx.o
       104         14          0          2          0        880   utils.o

    ----------------------------------------------------------------------
      7328        698        244        116       1664     297048   Object Totals
         0          0         32          0          0          0   (incl. Generated)
        14          0          1          4          2          0   (incl. Padding)

    ----------------------------------------------------------------------

      Code (inc. data)   RO Data    RW Data    ZI Data      Debug   Library Member Name

         8          0          0          0          0         68   __main.o
         0          0          0          0          0          0   __rtentry.o
        12          0          0          0          0          0   __rtentry2.o
         6          0          0          0          0          0   __rtentry4.o
        60          8          0          0          0          0   __scatter.o
        26          0          0          0          0          0   __scatter_copy.o
        28          0          0          0          0          0   __scatter_zi.o
       346          0          0          0          0         92   aeabi_sdiv.o
        12          0          0          0          0         64   exit.o
         6          0          0          0          0        136   heapauxi.o
         0          0          0          0          0          0   indicate_semi.o
         2          0          0          0          0          0   libinit.o
         2          0          0          0          0          0   libinit2.o
         2          0          0          0          0          0   libshutdown.o
         2          0          0          0          0          0   libshutdown2.o
         8          4          0          0         96         68   libspace.o
         2          0          0          0          0          0   rtexit.o
        10          0          0          0          0          0   rtexit2.o
        68          6          0          0          0         72   strlen.o
        12          4          0          0          0         60   sys_exit.o
        62          0          0          0          0         80   sys_stackheap_outer.o
         2          0          0          0          0         68   use_no_semi.o

    ----------------------------------------------------------------------
       684         22          0          0        100        708   Library Totals
         8          0          0          0          4          0   (incl. Padding)

    ----------------------------------------------------------------------

      Code (inc. data)   RO Data    RW Data    ZI Data      Debug   Library Name

       676         22          0          0         96        708   c_p.l

    ----------------------------------------------------------------------
       684         22          0          0        100        708   Library Totals

    ----------------------------------------------------------------------

==============================================================================


      Code (inc. data)   RO Data    RW Data    ZI Data      Debug   

      8012        720        244        116       1764     293344   Grand Totals
      8012        720        244        116       1764     293344   ELF Image Totals
      8012        720        244        116          0          0   ROM Totals

==============================================================================

    Total RO  Size (Code + RO Data)                 8256 (   8.06kB)
    Total RW  Size (RW Data + ZI Data)              1880 (   1.84kB)
    Total ROM Size (Code + RO Data + RW Data)       8372 (   8.18kB)

==============================================================================

